Archive member included to satisfy reference by file (symbol)

libsort.lib(sort.o)           C:\Users\olek-\AppData\Local\Temp\ccwoxr5P.o (sorting::bubbleSort(double*, unsigned int, bool (*)(double, double)))
c:/mingw/bin/../lib/gcc/mingw32/6.3.0/libstdc++.dll.a(d004332.o)
                              C:\Users\olek-\AppData\Local\Temp\ccwoxr5P.o (std::basic_ostream<char, std::char_traits<char> >& std::operator<< <std::char_traits<char> >(std::basic_ostream<char, std::char_traits<char> >&, char const*))
c:/mingw/bin/../lib/gcc/mingw32/6.3.0/libstdc++.dll.a(d004227.o)
                              C:\Users\olek-\AppData\Local\Temp\ccwoxr5P.o (std::basic_ostream<char, std::char_traits<char> >& std::endl<char, std::char_traits<char> >(std::basic_ostream<char, std::char_traits<char> >&))
c:/mingw/bin/../lib/gcc/mingw32/6.3.0/libstdc++.dll.a(d004226.o)
                              (__imp___ZSt4cout)
c:/mingw/bin/../lib/gcc/mingw32/6.3.0/libstdc++.dll.a(d003955.o)
                              C:\Users\olek-\AppData\Local\Temp\ccwoxr5P.o (std::ios_base::Init::~Init())
c:/mingw/bin/../lib/gcc/mingw32/6.3.0/libstdc++.dll.a(d003953.o)
                              C:\Users\olek-\AppData\Local\Temp\ccwoxr5P.o (std::ios_base::Init::Init())
c:/mingw/bin/../lib/gcc/mingw32/6.3.0/libstdc++.dll.a(d001501.o)
                              C:\Users\olek-\AppData\Local\Temp\ccwoxr5P.o (std::ostream::operator<<(double))
c:/mingw/bin/../lib/gcc/mingw32/6.3.0/libstdc++.dll.a(d001495.o)
                              C:\Users\olek-\AppData\Local\Temp\ccwoxr5P.o (std::ostream::operator<<(std::ostream& (*)(std::ostream&)))
c:/mingw/bin/../lib/gcc/mingw32/6.3.0/libstdc++.dll.a(d000000.o)
                              c:/mingw/bin/../lib/gcc/mingw32/6.3.0/libstdc++.dll.a(d004332.o) (_head_libstdc___6_dll)
c:/mingw/bin/../lib/gcc/mingw32/6.3.0/libstdc++.dll.a(d005190.o)
                              c:/mingw/bin/../lib/gcc/mingw32/6.3.0/libstdc++.dll.a(d000000.o) (libstdc___6_dll_iname)
c:/mingw/bin/../lib/gcc/mingw32/6.3.0/../../../libmingw32.a(CRTglob.o)
                              c:/mingw/bin/../lib/gcc/mingw32/6.3.0/../../../crt2.o (_CRT_glob)
c:/mingw/bin/../lib/gcc/mingw32/6.3.0/../../../libmingw32.a(setargv.o)
                              c:/mingw/bin/../lib/gcc/mingw32/6.3.0/../../../crt2.o (_setargv)
c:/mingw/bin/../lib/gcc/mingw32/6.3.0/../../../libmingw32.a(CRTfmode.o)
                              c:/mingw/bin/../lib/gcc/mingw32/6.3.0/../../../crt2.o (_CRT_fmode)
c:/mingw/bin/../lib/gcc/mingw32/6.3.0/../../../libmingw32.a(cpu_features.o)
                              c:/mingw/bin/../lib/gcc/mingw32/6.3.0/../../../crt2.o (__cpu_features_init)
c:/mingw/bin/../lib/gcc/mingw32/6.3.0/../../../libmingw32.a(CRT_fp10.o)
                              c:/mingw/bin/../lib/gcc/mingw32/6.3.0/../../../crt2.o (_CRT_fenv)
c:/mingw/bin/../lib/gcc/mingw32/6.3.0/../../../libmingw32.a(txtmode.o)
                              c:/mingw/bin/../lib/gcc/mingw32/6.3.0/../../../crt2.o (_fmode)
c:/mingw/bin/../lib/gcc/mingw32/6.3.0/../../../libmingw32.a(gccmain.o)
                              c:/mingw/bin/../lib/gcc/mingw32/6.3.0/../../../crt2.o (__main)
c:/mingw/bin/../lib/gcc/mingw32/6.3.0/../../../libmingw32.a(tlssup.o)
                              c:/mingw/bin/../lib/gcc/mingw32/6.3.0/../../../crt2.o (__dyn_tls_init_callback)
c:/mingw/bin/../lib/gcc/mingw32/6.3.0/../../../libmingw32.a(tlsthrd.o)
                              c:/mingw/bin/../lib/gcc/mingw32/6.3.0/../../../libmingw32.a(tlssup.o) (__mingw_TLScallback)
c:/mingw/bin/../lib/gcc/mingw32/6.3.0/../../../libmingw32.a(pseudo-reloc.o)
                              c:/mingw/bin/../lib/gcc/mingw32/6.3.0/../../../crt2.o (_pei386_runtime_relocator)
c:/mingw/bin/../lib/gcc/mingw32/6.3.0/../../../libmingw32.a(pseudo-reloc-list.o)
                              c:/mingw/bin/../lib/gcc/mingw32/6.3.0/../../../libmingw32.a(pseudo-reloc.o) (__RUNTIME_PSEUDO_RELOC_LIST__)
c:/mingw/bin/../lib/gcc/mingw32/6.3.0/../../../libmingw32.a(crtst.o)
                              c:/mingw/bin/../lib/gcc/mingw32/6.3.0/../../../libmingw32.a(tlssup.o) (_CRT_MT)
c:/mingw/bin/../lib/gcc/mingw32/6.3.0/libgcc_s.a(d000106.o)
                              c:/mingw/bin/../lib/gcc/mingw32/6.3.0/crtbegin.o (__register_frame_info)
c:/mingw/bin/../lib/gcc/mingw32/6.3.0/libgcc_s.a(d000037.o)
                              c:/mingw/bin/../lib/gcc/mingw32/6.3.0/crtbegin.o (__deregister_frame_info)
c:/mingw/bin/../lib/gcc/mingw32/6.3.0/libgcc_s.a(d000000.o)
                              c:/mingw/bin/../lib/gcc/mingw32/6.3.0/libgcc_s.a(d000106.o) (_head_libgcc_s_dw2_1_dll)
c:/mingw/bin/../lib/gcc/mingw32/6.3.0/libgcc_s.a(d000122.o)
                              c:/mingw/bin/../lib/gcc/mingw32/6.3.0/libgcc_s.a(d000000.o) (libgcc_s_dw2_1_dll_iname)
c:/mingw/bin/../lib/gcc/mingw32/6.3.0/libgcc.a(_chkstk_ms.o)
                              C:\Users\olek-\AppData\Local\Temp\ccwoxr5P.o (__chkstk_ms)
[...]
Memory Configuration

Name             Origin             Length             Attributes
*default*        0x00000000         0xffffffff

Linker script and memory map

                0x00400000                __image_base__ = 0x400000
                0x00000000                __dll__ = 0x0
                0x00400000                ___ImageBase = 0x400000
                0x00001000                __section_alignment__ = 0x1000
                0x00000200                __file_alignment__ = 0x200
                0x00000004                __major_os_version__ = 0x4
                0x00000000                __minor_os_version__ = 0x0
                0x00000001                __major_image_version__ = 0x1
                0x00000000                __minor_image_version__ = 0x0
                0x00000004                __major_subsystem_version__ = 0x4
                0x00000000                __minor_subsystem_version__ = 0x0
                0x00000003                __subsystem__ = 0x3
                0x00200000                __size_of_stack_reserve__ = 0x200000
                0x00001000                __size_of_stack_commit__ = 0x1000
                0x00100000                __size_of_heap_reserve__ = 0x100000
                0x00001000                __size_of_heap_commit__ = 0x1000
                0x00000000                __loader_flags__ = 0x0
                0x00000000                __dll_characteristics__ = 0x0
LOAD c:/mingw/bin/../lib/gcc/mingw32/6.3.0/../../../crt2.o
LOAD c:/mingw/bin/../lib/gcc/mingw32/6.3.0/crtbegin.o
LOAD C:\Users\olek-\AppData\Local\Temp\ccwoxr5P.o
LOAD libsort.lib
LOAD c:/mingw/bin/../lib/gcc/mingw32/6.3.0/libstdc++.dll.a
LOAD c:/mingw/bin/../lib/gcc/mingw32/6.3.0/../../../libmingw32.a
LOAD c:/mingw/bin/../lib/gcc/mingw32/6.3.0/libgcc_s.a
LOAD c:/mingw/bin/../lib/gcc/mingw32/6.3.0/libgcc.a
LOAD c:/mingw/bin/../lib/gcc/mingw32/6.3.0/../../../libmoldname.a
LOAD c:/mingw/bin/../lib/gcc/mingw32/6.3.0/../../../libmingwex.a
LOAD c:/mingw/bin/../lib/gcc/mingw32/6.3.0/../../../libmsvcrt.a
LOAD c:/mingw/bin/../lib/gcc/mingw32/6.3.0/../../../libadvapi32.a
LOAD c:/mingw/bin/../lib/gcc/mingw32/6.3.0/../../../libshell32.a
LOAD c:/mingw/bin/../lib/gcc/mingw32/6.3.0/../../../libuser32.a
LOAD c:/mingw/bin/../lib/gcc/mingw32/6.3.0/../../../libkernel32.a
LOAD c:/mingw/bin/../lib/gcc/mingw32/6.3.0/../../../libmingw32.a
LOAD c:/mingw/bin/../lib/gcc/mingw32/6.3.0/libgcc_s.a
LOAD c:/mingw/bin/../lib/gcc/mingw32/6.3.0/libgcc.a
LOAD c:/mingw/bin/../lib/gcc/mingw32/6.3.0/../../../libmoldname.a
LOAD c:/mingw/bin/../lib/gcc/mingw32/6.3.0/../../../libmingwex.a
LOAD c:/mingw/bin/../lib/gcc/mingw32/6.3.0/../../../libmsvcrt.a
LOAD c:/mingw/bin/../lib/gcc/mingw32/6.3.0/crtend.o
                0x00000380                . = SIZEOF_HEADERS
                0x00001000                . = ALIGN (__section_alignment__)

.text           0x00401000     0x3600
 *(.init)
 *(.text)
 .text          0x00401000      0x340 c:/mingw/bin/../lib/gcc/mingw32/6.3.0/../../../crt2.o
                0x004012a0                _mingw32_init_mainargs
                0x004012e0                mainCRTStartup
                0x00401300                WinMainCRTStartup
                0x00401320                atexit
                0x00401330                _onexit
 .text          0x00401340      0x120 c:/mingw/bin/../lib/gcc/mingw32/6.3.0/crtbegin.o
                0x00401340                __gcc_register_frame
                0x00401430                __gcc_deregister_frame
 .text          0x00401460      0x468 C:\Users\olek-\AppData\Local\Temp\ccwoxr5P.o
                0x00401460                ascending1(double, double)
                0x00401490                ascending2(double, double)
                0x004014c0                main
                0x00401565                _fu0___ZSt4cout
                0x00401579                _fu1___ZSt4cout
                0x004015a0                _fu2___ZSt4cout
                0x004015ca                _fu3___ZSt4cout
                0x004015e1                _fu4___ZSt4cout
                0x00401608                _fu5___ZSt4cout
                0x00401632                _fu6___ZSt4cout
                0x00401649                _fu7___ZSt4cout
                0x00401670                _fu8___ZSt4cout
                0x0040169a                _fu9___ZSt4cout
                0x0040171b                _fu10___ZSt4cout
                0x0040172f                _fu11___ZSt4cout
                0x00401756                _fu12___ZSt4cout
                0x00401780                _fu13___ZSt4cout
                0x00401797                _fu14___ZSt4cout
                0x004017be                _fu15___ZSt4cout
                0x004017e8                _fu16___ZSt4cout
                0x004017ff                _fu17___ZSt4cout
                0x00401826                _fu18___ZSt4cout
                0x00401850                _fu19___ZSt4cout
 .text          0x004018c8      0x48c libsort.lib(sort.o)
                0x00401b22                sorting::bubbleSort(double*, unsigned int, bool (*)(double, double))
                0x00401be7                sorting::quickSort(double*, int, int, bool (*)(double, double))
                0x00401c67                sorting::mergeSort(double*, unsigned int, unsigned int, bool (*)(double, double))
 .text          0x00401d54        0x8 c:/mingw/bin/../lib/gcc/mingw32/6.3.0/libstdc++.dll.a(d004332.o)
                0x00401d54                std::basic_ostream<char, std::char_traits<char> >& std::operator<< <std::char_traits<char> >(std::basic_ostream<char, std::char_traits<char> >&, char const*)
 .text          0x00401d5c        0x8 c:/mingw/bin/../lib/gcc/mingw32/6.3.0/libstdc++.dll.a(d004227.o)
                0x00401d5c                std::basic_ostream<char, std::char_traits<char> >& std::endl<char, std::char_traits<char> >(std::basic_ostream<char, std::char_traits<char> >&)
 .text          0x00401d64        0x0 c:/mingw/bin/../lib/gcc/mingw32/6.3.0/libstdc++.dll.a(d004226.o)
 .text          0x00401d64        0x8 c:/mingw/bin/../lib/gcc/mingw32/6.3.0/libstdc++.dll.a(d003955.o)
                0x00401d64                std::ios_base::Init::~Init()
 .text          0x00401d6c        0x8 c:/mingw/bin/../lib/gcc/mingw32/6.3.0/libstdc++.dll.a(d003953.o)
                0x00401d6c                std::ios_base::Init::Init()
 .text          0x00401d74        0x8 c:/mingw/bin/../lib/gcc/mingw32/6.3.0/libstdc++.dll.a(d001501.o)
                0x00401d74                std::ostream::operator<<(double)
 .text          0x00401d7c        0x8 c:/mingw/bin/../lib/gcc/mingw32/6.3.0/libstdc++.dll.a(d001495.o)
                0x00401d7c                std::ostream::operator<<(std::ostream& (*)(std::ostream&))
 .text          0x00401d84        0x0 c:/mingw/bin/../lib/gcc/mingw32/6.3.0/../../../libmingw32.a(CRTglob.o)
 *fill*         0x00401d84        0xc 
 .text          0x00401d90      0x3a0 c:/mingw/bin/../lib/gcc/mingw32/6.3.0/../../../libmingw32.a(setargv.o)
                0x00401d90                _setargv
 .text          0x00402130        0x0 c:/mingw/bin/../lib/gcc/mingw32/6.3.0/../../../libmingw32.a(CRTfmode.o)
 .text          0x00402130      0x110 c:/mingw/bin/../lib/gcc/mingw32/6.3.0/../../../libmingw32.a(cpu_features.o)
                0x00402130                __cpu_features_init
 .text          0x00402240        0x0 c:/mingw/bin/../lib/gcc/mingw32/6.3.0/../../../libmingw32.a(CRT_fp10.o)
 .text          0x00402240        0x0 c:/mingw/bin/../lib/gcc/mingw32/6.3.0/../../../libmingw32.a(txtmode.o)
 .text          0x00402240       0xa0 c:/mingw/bin/../lib/gcc/mingw32/6.3.0/../../../libmingw32.a(gccmain.o)
                0x00402240                __do_global_dtors
                0x00402270                __do_global_ctors
                0x004022c0                __main
 .text          0x004022e0       0xf0 c:/mingw/bin/../lib/gcc/mingw32/6.3.0/../../../libmingw32.a(tlssup.o)
                0x00402330                __dyn_tls_init@12
                0x004023c0                __tlregdtor
 .text          0x004023d0      0x230 c:/mingw/bin/../lib/gcc/mingw32/6.3.0/../../../libmingw32.a(tlsthrd.o)
                0x00402430                ___w64_mingwthr_add_key_dtor
                0x004024c0                ___w64_mingwthr_remove_key_dtor
                0x00402560                __mingw_TLScallback
 .text          0x00402600      0x310 c:/mingw/bin/../lib/gcc/mingw32/6.3.0/../../../libmingw32.a(pseudo-reloc.o)
                0x00402740                _pei386_runtime_relocator
 .text          0x00402910        0x0 c:/mingw/bin/../lib/gcc/mingw32/6.3.0/../../../libmingw32.a(pseudo-reloc-list.o)
 .text          0x00402910        0x0 c:/mingw/bin/../lib/gcc/mingw32/6.3.0/../../../libmingw32.a(crtst.o)
 .text          0x00402910        0x8 c:/mingw/bin/../lib/gcc/mingw32/6.3.0/libgcc_s.a(d000106.o)
                0x00402910                __register_frame_info
 .text          0x00402918        0x8 c:/mingw/bin/../lib/gcc/mingw32/6.3.0/libgcc_s.a(d000037.o)
                0x00402918                __deregister_frame_info
 .text          0x00402920       0x2c c:/mingw/bin/../lib/gcc/mingw32/6.3.0/libgcc.a(_chkstk_ms.o)
                0x00402920                __chkstk_ms
 .text          0x0040294c        0x0 c:/mingw/bin/../lib/gcc/mingw32/6.3.0/libgcc.a(_ctors.o)
 *fill*         0x0040294c        0x4 
 .text          0x00402950       0x70 c:/mingw/bin/../lib/gcc/mingw32/6.3.0/../../../libmingwex.a(fesetenv.o)
                0x00402950                fesetenv
 .text          0x004029c0     0x1080 c:/mingw/bin/../lib/gcc/mingw32/6.3.0/../../../libmingwex.a(glob.o)
                0x004038f0                __mingw_glob
                0x004039e0                __mingw_globfree
 .text          0x00403a40      0x400 c:/mingw/bin/../lib/gcc/mingw32/6.3.0/../../../libmingwex.a(dirname.o)
                0x00403a40                __mingw_dirname
 .text          0x00403e40      0x4f0 c:/mingw/bin/../lib/gcc/mingw32/6.3.0/../../../libmingwex.a(dirent.o)
                0x00403fc0                __mingw_opendir
                0x00404180                __mingw_readdir
                0x004041d0                __mingw_closedir
                0x00404220                __mingw_rewinddir
                0x00404280                __mingw_telldir
                0x004042b0                __mingw_seekdir
 .text          0x00404330        0x8 c:/mingw/bin/../lib/gcc/mingw32/6.3.0/../../../libmsvcrt.a(djpvbs01325.o)
                0x00404330                wcstombs
 .text          0x00404338        0x8 c:/mingw/bin/../lib/gcc/mingw32/6.3.0/../../../libmsvcrt.a(djpvbs01284.o)
                0x00404338                vfprintf
 .text          0x00404340        0x8 c:/mingw/bin/../lib/gcc/mingw32/6.3.0/../../../libmsvcrt.a(djpvbs01277.o)
                0x00404340                tolower
 .text          0x00404348        0x8 c:/mingw/bin/../lib/gcc/mingw32/6.3.0/../../../libmsvcrt.a(djpvbs01272.o)
                0x00404348                time
 .text          0x00404350        0x8 c:/mingw/bin/../lib/gcc/mingw32/6.3.0/../../../libmsvcrt.a(djpvbs01249.o)
                0x00404350                strlen
 .text          0x00404358        0x8 c:/mingw/bin/../lib/gcc/mingw32/6.3.0/../../../libmsvcrt.a(djpvbs01242.o)
                0x00404358                strcoll
 .text          0x00404360        0x8 c:/mingw/bin/../lib/gcc/mingw32/6.3.0/../../../libmsvcrt.a(djpvbs01235.o)
                0x00404360                srand
 .text          0x00404368        0x8 c:/mingw/bin/../lib/gcc/mingw32/6.3.0/../../../libmsvcrt.a(djpvbs01229.o)
                0x00404368                signal
 .text          0x00404370        0x8 c:/mingw/bin/../lib/gcc/mingw32/6.3.0/../../../libmsvcrt.a(djpvbs01227.o)
                0x00404370                setlocale
 .text          0x00404378        0x8 c:/mingw/bin/../lib/gcc/mingw32/6.3.0/../../../libmsvcrt.a(djpvbs01220.o)
                0x00404378                realloc
 .text          0x00404380        0x8 c:/mingw/bin/../lib/gcc/mingw32/6.3.0/../../../libmsvcrt.a(djpvbs01218.o)
                0x00404380                rand
 .text          0x00404388        0x8 c:/mingw/bin/../lib/gcc/mingw32/6.3.0/../../../libmsvcrt.a(djpvbs01199.o)
                0x00404388                memcpy
 .text          0x00404390        0x8 c:/mingw/bin/../lib/gcc/mingw32/6.3.0/../../../libmsvcrt.a(djpvbs01194.o)
                0x00404390                mbstowcs
 .text          0x00404398        0x8 c:/mingw/bin/../lib/gcc/mingw32/6.3.0/../../../libmsvcrt.a(djpvbs01187.o)
                0x00404398                malloc
 .text          0x004043a0        0x8 c:/mingw/bin/../lib/gcc/mingw32/6.3.0/../../../libmsvcrt.a(djpvbs01142.o)
                0x004043a0                fwrite
 .text          0x004043a8        0x8 c:/mingw/bin/../lib/gcc/mingw32/6.3.0/../../../libmsvcrt.a(djpvbs01131.o)
                0x004043a8                free
 .text          0x004043b0        0x8 c:/mingw/bin/../lib/gcc/mingw32/6.3.0/../../../libmsvcrt.a(djpvbs01098.o)
                0x004043b0                calloc
 .text          0x004043b8        0x0 c:/mingw/bin/../lib/gcc/mingw32/6.3.0/../../../libmsvcrt.a(djpvbs01091.o)
 .text          0x004043b8        0x8 c:/mingw/bin/../lib/gcc/mingw32/6.3.0/../../../libmsvcrt.a(djpvbs01083.o)
                0x004043b8                abort
 .text          0x004043c0        0x8 c:/mingw/bin/../lib/gcc/mingw32/6.3.0/../../../libmsvcrt.a(djpvbs00753.o)
                0x004043c0                _setmode
 .text          0x004043c8        0x0 c:/mingw/bin/../lib/gcc/mingw32/6.3.0/../../../libmsvcrt.a(djpvbs00698.o)
 .text          0x004043c8        0x0 c:/mingw/bin/../lib/gcc/mingw32/6.3.0/../../../libmsvcrt.a(djpvbs00689.o)
 .text          0x004043c8        0x8 c:/mingw/bin/../lib/gcc/mingw32/6.3.0/../../../libmsvcrt.a(djpvbs00422.o)
                0x004043c8                _isctype
 .text          0x004043d0        0x0 c:/mingw/bin/../lib/gcc/mingw32/6.3.0/../../../libmsvcrt.a(djpvbs00417.o)
 .text          0x004043d0        0x8 c:/mingw/bin/../lib/gcc/mingw32/6.3.0/../../../libmsvcrt.a(djpvbs00350.o)
                0x004043d0                _fullpath
 .text          0x004043d8        0x8 c:/mingw/bin/../lib/gcc/mingw32/6.3.0/../../../libmsvcrt.a(djpvbs00285.o)
                0x004043d8                _errno
 .text          0x004043e0        0x8 c:/mingw/bin/../lib/gcc/mingw32/6.3.0/../../../libmsvcrt.a(djpvbs00219.o)
                0x004043e0                _cexit
 .text          0x004043e8        0x8 c:/mingw/bin/../lib/gcc/mingw32/6.3.0/../../../libmsvcrt.a(djpvbs00133.o)
                0x004043e8                __p__fmode
 .text          0x004043f0        0x8 c:/mingw/bin/../lib/gcc/mingw32/6.3.0/../../../libmsvcrt.a(djpvbs00131.o)
                0x004043f0                __p__environ
 .text          0x004043f8        0x0 c:/mingw/bin/../lib/gcc/mingw32/6.3.0/../../../libmsvcrt.a(djpvbs00119.o)
 .text          0x004043f8        0x8 c:/mingw/bin/../lib/gcc/mingw32/6.3.0/../../../libmsvcrt.a(djpvbs00088.o)
                0x004043f8                __getmainargs
 .text          0x00404400        0x0 c:/mingw/bin/../lib/gcc/mingw32/6.3.0/../../../libmsvcrt.a(djpvbh.o)
 .text          0x00404400        0x0 c:/mingw/bin/../lib/gcc/mingw32/6.3.0/../../../libmsvcrt.a(djpvbt.o)
 .text          0x00404400        0x8 c:/mingw/bin/../lib/gcc/mingw32/6.3.0/../../../libkernel32.a(dujcs01215.o)
                0x00404400                VirtualQuery@12
 .text          0x00404408        0x8 c:/mingw/bin/../lib/gcc/mingw32/6.3.0/../../../libkernel32.a(dujcs01213.o)
                0x00404408                VirtualProtect@16
 .text          0x00404410        0x8 c:/mingw/bin/../lib/gcc/mingw32/6.3.0/../../../libkernel32.a(dujcs01173.o)
                0x00404410                TlsGetValue@4
 .text          0x00404418        0x8 c:/mingw/bin/../lib/gcc/mingw32/6.3.0/../../../libkernel32.a(dujcs01140.o)
                0x00404418                SetUnhandledExceptionFilter@4
 .text          0x00404420        0x8 c:/mingw/bin/../lib/gcc/mingw32/6.3.0/../../../libkernel32.a(dujcs00817.o)
                0x00404420                LoadLibraryA@4
 .text          0x00404428        0x8 c:/mingw/bin/../lib/gcc/mingw32/6.3.0/../../../libkernel32.a(dujcs00814.o)
                0x00404428                LeaveCriticalSection@4
 .text          0x00404430        0x8 c:/mingw/bin/../lib/gcc/mingw32/6.3.0/../../../libkernel32.a(dujcs00734.o)
                0x00404430                InitializeCriticalSection@4
 .text          0x00404438        0x8 c:/mingw/bin/../lib/gcc/mingw32/6.3.0/../../../libkernel32.a(dujcs00577.o)
                0x00404438                GetProcAddress@8
 .text          0x00404440        0x8 c:/mingw/bin/../lib/gcc/mingw32/6.3.0/../../../libkernel32.a(dujcs00529.o)
                0x00404440                GetModuleHandleA@4
 .text          0x00404448        0x8 c:/mingw/bin/../lib/gcc/mingw32/6.3.0/../../../libkernel32.a(dujcs00510.o)
                0x00404448                GetLastError@0
 .text          0x00404450        0x8 c:/mingw/bin/../lib/gcc/mingw32/6.3.0/../../../libkernel32.a(dujcs00388.o)
                0x00404450                GetCommandLineA@0
 .text          0x00404458        0x8 c:/mingw/bin/../lib/gcc/mingw32/6.3.0/../../../libkernel32.a(dujcs00352.o)
                0x00404458                FreeLibrary@4
 .text          0x00404460        0x8 c:/mingw/bin/../lib/gcc/mingw32/6.3.0/../../../libkernel32.a(dujcs00321.o)
                0x00404460                FindNextFileA@8
 .text          0x00404468        0x8 c:/mingw/bin/../lib/gcc/mingw32/6.3.0/../../../libkernel32.a(dujcs00304.o)
                0x00404468                FindFirstFileA@8
 .text          0x00404470        0x8 c:/mingw/bin/../lib/gcc/mingw32/6.3.0/../../../libkernel32.a(dujcs00300.o)
                0x00404470                FindClose@4
 .text          0x00404478        0x8 c:/mingw/bin/../lib/gcc/mingw32/6.3.0/../../../libkernel32.a(dujcs00279.o)
                0x00404478                ExitProcess@4
 .text          0x00404480        0x8 c:/mingw/bin/../lib/gcc/mingw32/6.3.0/../../../libkernel32.a(dujcs00236.o)
                0x00404480                EnterCriticalSection@4
 .text          0x00404488        0x8 c:/mingw/bin/../lib/gcc/mingw32/6.3.0/../../../libkernel32.a(dujcs00207.o)
                0x00404488                DeleteCriticalSection@4
 .text          0x00404490        0x0 c:/mingw/bin/../lib/gcc/mingw32/6.3.0/../../../libkernel32.a(dujch.o)
 .text          0x00404490        0x0 c:/mingw/bin/../lib/gcc/mingw32/6.3.0/../../../libkernel32.a(dujct.o)
 .text          0x00404490        0x8 c:/mingw/bin/../lib/gcc/mingw32/6.3.0/../../../libmoldname.a(dagwbs00082.o)
                0x00404490                stricoll
 .text          0x00404498        0x8 c:/mingw/bin/../lib/gcc/mingw32/6.3.0/../../../libmoldname.a(dagwbs00080.o)
                0x00404498                strdup
 .text          0x004044a0        0x0 c:/mingw/bin/../lib/gcc/mingw32/6.3.0/../../../libmoldname.a(dagwbh.o)
 .text          0x004044a0        0x0 c:/mingw/bin/../lib/gcc/mingw32/6.3.0/../../../libmoldname.a(dagwbt.o)
 .text          0x004044a0        0x0 c:/mingw/bin/../lib/gcc/mingw32/6.3.0/crtend.o
 *(SORT(.text$*))
 *(.text.*)
 .text.startup  0x004044a0       0x10 c:/mingw/bin/../lib/gcc/mingw32/6.3.0/crtend.o
 *(.gnu.linkonce.t.*)
 *(.glue_7t)
 *(.glue_7)
                0x004044b0                ___CTOR_LIST__ = .
                0x004044b0                __CTOR_LIST__ = .
                0x004044b0        0x4 LONG 0xffffffff
 *(.ctors)
 .ctors         0x004044b4        0x4 C:\Users\olek-\AppData\Local\Temp\ccwoxr5P.o
 .ctors         0x004044b8        0x4 libsort.lib(sort.o)
 *(.ctor)
 *(SORT(.ctors.*))
 .ctors.65535   0x004044bc        0x4 c:/mingw/bin/../lib/gcc/mingw32/6.3.0/crtend.o
                0x004044c0        0x4 LONG 0x0
                0x004044c4                ___DTOR_LIST__ = .
                0x004044c4                __DTOR_LIST__ = .
                0x004044c4        0x4 LONG 0xffffffff
 *(.dtors)
 *(.dtor)
 *(SORT(.dtors.*))
                0x004044c8        0x4 LONG 0x0
 *(.fini)
 *(.gcc_exc)
                [!provide]                PROVIDE (etext, .)
                [!provide]                PROVIDE (_etext, .)
 *(.gcc_except_table)

.data           0x00405000      0x200
                0x00405000                __data_start__ = .
 *(.data)
 .data          0x00405000        0x0 c:/mingw/bin/../lib/gcc/mingw32/6.3.0/../../../crt2.o
 .data          0x00405000        0x4 c:/mingw/bin/../lib/gcc/mingw32/6.3.0/crtbegin.o
 .data          0x00405004        0x0 C:\Users\olek-\AppData\Local\Temp\ccwoxr5P.o
 .data          0x00405004        0x0 libsort.lib(sort.o)
 .data          0x00405004        0x4 c:/mingw/bin/../lib/gcc/mingw32/6.3.0/../../../libmingw32.a(CRTglob.o)
                0x00405004                _CRT_glob
 .data          0x00405008        0x0 c:/mingw/bin/../lib/gcc/mingw32/6.3.0/../../../libmingw32.a(setargv.o)
 .data          0x00405008        0x0 c:/mingw/bin/../lib/gcc/mingw32/6.3.0/../../../libmingw32.a(CRTfmode.o)
 .data          0x00405008        0x0 c:/mingw/bin/../lib/gcc/mingw32/6.3.0/../../../libmingw32.a(cpu_features.o)
 .data          0x00405008        0x4 c:/mingw/bin/../lib/gcc/mingw32/6.3.0/../../../libmingw32.a(CRT_fp10.o)
                0x00405008                _CRT_fenv
 .data          0x0040500c        0x4 c:/mingw/bin/../lib/gcc/mingw32/6.3.0/../../../libmingw32.a(txtmode.o)
                0x0040500c                _fmode
 .data          0x00405010        0x4 c:/mingw/bin/../lib/gcc/mingw32/6.3.0/../../../libmingw32.a(gccmain.o)
 .data          0x00405014        0x0 c:/mingw/bin/../lib/gcc/mingw32/6.3.0/../../../libmingw32.a(tlssup.o)
 .data          0x00405014        0x0 c:/mingw/bin/../lib/gcc/mingw32/6.3.0/../../../libmingw32.a(tlsthrd.o)
 .data          0x00405014        0x0 c:/mingw/bin/../lib/gcc/mingw32/6.3.0/../../../libmingw32.a(pseudo-reloc.o)
 .data          0x00405014        0x0 c:/mingw/bin/../lib/gcc/mingw32/6.3.0/../../../libmingw32.a(pseudo-reloc-list.o)
 .data          0x00405014        0x0 c:/mingw/bin/../lib/gcc/mingw32/6.3.0/../../../libmingw32.a(crtst.o)
 .data          0x00405014        0x0 c:/mingw/bin/../lib/gcc/mingw32/6.3.0/libgcc.a(_chkstk_ms.o)
 .data          0x00405014        0x0 c:/mingw/bin/../lib/gcc/mingw32/6.3.0/libgcc.a(_ctors.o)
 .data          0x00405014        0x4 c:/mingw/bin/../lib/gcc/mingw32/6.3.0/../../../libmingwex.a(fesetenv.o)
 .data          0x00405018        0x0 c:/mingw/bin/../lib/gcc/mingw32/6.3.0/../../../libmingwex.a(glob.o)
 .data          0x00405018        0x0 c:/mingw/bin/../lib/gcc/mingw32/6.3.0/../../../libmingwex.a(dirname.o)
 .data          0x00405018        0x0 c:/mingw/bin/../lib/gcc/mingw32/6.3.0/../../../libmingwex.a(dirent.o)
 .data          0x00405018        0x0 c:/mingw/bin/../lib/gcc/mingw32/6.3.0/../../../libmsvcrt.a(djpvbs01325.o)
 .data          0x00405018        0x0 c:/mingw/bin/../lib/gcc/mingw32/6.3.0/../../../libmsvcrt.a(djpvbs01284.o)
 .data          0x00405018        0x0 c:/mingw/bin/../lib/gcc/mingw32/6.3.0/../../../libmsvcrt.a(djpvbs01277.o)
 .data          0x00405018        0x0 c:/mingw/bin/../lib/gcc/mingw32/6.3.0/../../../libmsvcrt.a(djpvbs01272.o)
 .data          0x00405018        0x0 c:/mingw/bin/../lib/gcc/mingw32/6.3.0/../../../libmsvcrt.a(djpvbs01249.o)
 .data          0x00405018        0x0 c:/mingw/bin/../lib/gcc/mingw32/6.3.0/../../../libmsvcrt.a(djpvbs01242.o)
 .data          0x00405018        0x0 c:/mingw/bin/../lib/gcc/mingw32/6.3.0/../../../libmsvcrt.a(djpvbs01235.o)
 .data          0x00405018        0x0 c:/mingw/bin/../lib/gcc/mingw32/6.3.0/../../../libmsvcrt.a(djpvbs01229.o)
 .data          0x00405018        0x0 c:/mingw/bin/../lib/gcc/mingw32/6.3.0/../../../libmsvcrt.a(djpvbs01227.o)
 .data          0x00405018        0x0 c:/mingw/bin/../lib/gcc/mingw32/6.3.0/../../../libmsvcrt.a(djpvbs01220.o)
 .data          0x00405018        0x0 c:/mingw/bin/../lib/gcc/mingw32/6.3.0/../../../libmsvcrt.a(djpvbs01218.o)
 .data          0x00405018        0x0 c:/mingw/bin/../lib/gcc/mingw32/6.3.0/../../../libmsvcrt.a(djpvbs01199.o)
 .data          0x00405018        0x0 c:/mingw/bin/../lib/gcc/mingw32/6.3.0/../../../libmsvcrt.a(djpvbs01194.o)
 .data          0x00405018        0x0 c:/mingw/bin/../lib/gcc/mingw32/6.3.0/../../../libmsvcrt.a(djpvbs01187.o)
 .data          0x00405018        0x0 c:/mingw/bin/../lib/gcc/mingw32/6.3.0/../../../libmsvcrt.a(djpvbs01142.o)
 .data          0x00405018        0x0 c:/mingw/bin/../lib/gcc/mingw32/6.3.0/../../../libmsvcrt.a(djpvbs01131.o)
 .data          0x00405018        0x0 c:/mingw/bin/../lib/gcc/mingw32/6.3.0/../../../libmsvcrt.a(djpvbs01098.o)
 .data          0x00405018        0x0 c:/mingw/bin/../lib/gcc/mingw32/6.3.0/../../../libmsvcrt.a(djpvbs01091.o)
 .data          0x00405018        0x0 c:/mingw/bin/../lib/gcc/mingw32/6.3.0/../../../libmsvcrt.a(djpvbs01083.o)
 .data          0x00405018        0x0 c:/mingw/bin/../lib/gcc/mingw32/6.3.0/../../../libmsvcrt.a(djpvbs00753.o)
 .data          0x00405018        0x0 c:/mingw/bin/../lib/gcc/mingw32/6.3.0/../../../libmsvcrt.a(djpvbs00698.o)
 .data          0x00405018        0x0 c:/mingw/bin/../lib/gcc/mingw32/6.3.0/../../../libmsvcrt.a(djpvbs00689.o)
 .data          0x00405018        0x0 c:/mingw/bin/../lib/gcc/mingw32/6.3.0/../../../libmsvcrt.a(djpvbs00422.o)
 .data          0x00405018        0x0 c:/mingw/bin/../lib/gcc/mingw32/6.3.0/../../../libmsvcrt.a(djpvbs00417.o)
 .data          0x00405018        0x0 c:/mingw/bin/../lib/gcc/mingw32/6.3.0/../../../libmsvcrt.a(djpvbs00350.o)
 .data          0x00405018        0x0 c:/mingw/bin/../lib/gcc/mingw32/6.3.0/../../../libmsvcrt.a(djpvbs00324.o)
 .data          0x00405018        0x0 c:/mingw/bin/../lib/gcc/mingw32/6.3.0/../../../libmsvcrt.a(djpvbs00285.o)
 .data          0x00405018        0x0 c:/mingw/bin/../lib/gcc/mingw32/6.3.0/../../../libmsvcrt.a(djpvbs00219.o)
 .data          0x00405018        0x0 c:/mingw/bin/../lib/gcc/mingw32/6.3.0/../../../libmsvcrt.a(djpvbs00153.o)
 .data          0x00405018        0x0 c:/mingw/bin/../lib/gcc/mingw32/6.3.0/../../../libmsvcrt.a(djpvbs00133.o)
 .data          0x00405018        0x0 c:/mingw/bin/../lib/gcc/mingw32/6.3.0/../../../libmsvcrt.a(djpvbs00131.o)
 .data          0x00405018        0x0 c:/mingw/bin/../lib/gcc/mingw32/6.3.0/../../../libmsvcrt.a(djpvbs00119.o)
 .data          0x00405018        0x0 c:/mingw/bin/../lib/gcc/mingw32/6.3.0/../../../libmsvcrt.a(djpvbs00088.o)
 .data          0x00405018        0x0 c:/mingw/bin/../lib/gcc/mingw32/6.3.0/../../../libmsvcrt.a(djpvbh.o)
 .data          0x00405018        0x0 c:/mingw/bin/../lib/gcc/mingw32/6.3.0/../../../libmsvcrt.a(djpvbt.o)
 .data          0x00405018        0x0 c:/mingw/bin/../lib/gcc/mingw32/6.3.0/../../../libkernel32.a(dujcs01215.o)
 .data          0x00405018        0x0 c:/mingw/bin/../lib/gcc/mingw32/6.3.0/../../../libkernel32.a(dujcs01213.o)
 .data          0x00405018        0x0 c:/mingw/bin/../lib/gcc/mingw32/6.3.0/../../../libkernel32.a(dujcs01173.o)
 .data          0x00405018        0x0 c:/mingw/bin/../lib/gcc/mingw32/6.3.0/../../../libkernel32.a(dujcs01140.o)
 .data          0x00405018        0x0 c:/mingw/bin/../lib/gcc/mingw32/6.3.0/../../../libkernel32.a(dujcs00817.o)
 .data          0x00405018        0x0 c:/mingw/bin/../lib/gcc/mingw32/6.3.0/../../../libkernel32.a(dujcs00814.o)
 .data          0x00405018        0x0 c:/mingw/bin/../lib/gcc/mingw32/6.3.0/../../../libkernel32.a(dujcs00734.o)
 .data          0x00405018        0x0 c:/mingw/bin/../lib/gcc/mingw32/6.3.0/../../../libkernel32.a(dujcs00577.o)
 .data          0x00405018        0x0 c:/mingw/bin/../lib/gcc/mingw32/6.3.0/../../../libkernel32.a(dujcs00529.o)
 .data          0x00405018        0x0 c:/mingw/bin/../lib/gcc/mingw32/6.3.0/../../../libkernel32.a(dujcs00510.o)
 .data          0x00405018        0x0 c:/mingw/bin/../lib/gcc/mingw32/6.3.0/../../../libkernel32.a(dujcs00388.o)
 .data          0x00405018        0x0 c:/mingw/bin/../lib/gcc/mingw32/6.3.0/../../../libkernel32.a(dujcs00352.o)
 .data          0x00405018        0x0 c:/mingw/bin/../lib/gcc/mingw32/6.3.0/../../../libkernel32.a(dujcs00321.o)
 .data          0x00405018        0x0 c:/mingw/bin/../lib/gcc/mingw32/6.3.0/../../../libkernel32.a(dujcs00304.o)
 .data          0x00405018        0x0 c:/mingw/bin/../lib/gcc/mingw32/6.3.0/../../../libkernel32.a(dujcs00300.o)
 .data          0x00405018        0x0 c:/mingw/bin/../lib/gcc/mingw32/6.3.0/../../../libkernel32.a(dujcs00279.o)
 .data          0x00405018        0x0 c:/mingw/bin/../lib/gcc/mingw32/6.3.0/../../../libkernel32.a(dujcs00236.o)
 .data          0x00405018        0x0 c:/mingw/bin/../lib/gcc/mingw32/6.3.0/../../../libkernel32.a(dujcs00207.o)
 .data          0x00405018        0x0 c:/mingw/bin/../lib/gcc/mingw32/6.3.0/../../../libkernel32.a(dujch.o)
 .data          0x00405018        0x0 c:/mingw/bin/../lib/gcc/mingw32/6.3.0/../../../libkernel32.a(dujct.o)
 .data          0x00405018        0x0 c:/mingw/bin/../lib/gcc/mingw32/6.3.0/../../../libmoldname.a(dagwbs00082.o)
 .data          0x00405018        0x0 c:/mingw/bin/../lib/gcc/mingw32/6.3.0/../../../libmoldname.a(dagwbs00080.o)
 .data          0x00405018        0x0 c:/mingw/bin/../lib/gcc/mingw32/6.3.0/../../../libmoldname.a(dagwbh.o)
 .data          0x00405018        0x0 c:/mingw/bin/../lib/gcc/mingw32/6.3.0/../../../libmoldname.a(dagwbt.o)
 .data          0x00405018        0x0 c:/mingw/bin/../lib/gcc/mingw32/6.3.0/crtend.o
 *(.data2)
 *(SORT(.data$*))
 *(.jcr)
 .jcr           0x00405018        0x0 c:/mingw/bin/../lib/gcc/mingw32/6.3.0/crtbegin.o
 .jcr           0x00405018        0x4 c:/mingw/bin/../lib/gcc/mingw32/6.3.0/crtend.o
                0x0040501c                __data_end__ = .
 *(.data_cygwin_nocopy)

.rdata          0x00406000      0x600
 *(.rdata)
 .rdata         0x00406000       0x64 c:/mingw/bin/../lib/gcc/mingw32/6.3.0/crtbegin.o
 .rdata         0x00406064       0x88 C:\Users\olek-\AppData\Local\Temp\ccwoxr5P.o
 .rdata         0x004060ec        0x4 libsort.lib(sort.o)
 .rdata         0x004060f0        0x4 c:/mingw/bin/../lib/gcc/mingw32/6.3.0/../../../libmingw32.a(tlssup.o)
                0x004060f0                __dyn_tls_init_callback
 .rdata         0x004060f4       0xac c:/mingw/bin/../lib/gcc/mingw32/6.3.0/../../../libmingw32.a(pseudo-reloc.o)
 .rdata         0x004061a0       0x14 c:/mingw/bin/../lib/gcc/mingw32/6.3.0/../../../libmingwex.a(glob.o)
 .rdata         0x004061b4        0x8 c:/mingw/bin/../lib/gcc/mingw32/6.3.0/../../../libmingwex.a(dirname.o)
 .rdata         0x004061bc        0x4 ertr000001.o
 *(SORT(.rdata$*))
 .rdata$zzz     0x004061c0       0x14 c:/mingw/bin/../lib/gcc/mingw32/6.3.0/../../../crt2.o
 .rdata$zzz     0x004061d4       0x14 c:/mingw/bin/../lib/gcc/mingw32/6.3.0/crtbegin.o
 .rdata$zzz     0x004061e8       0x24 C:\Users\olek-\AppData\Local\Temp\ccwoxr5P.o
 .rdata$zzz     0x0040620c       0x24 libsort.lib(sort.o)
 .rdata$zzz     0x00406230       0x14 c:/mingw/bin/../lib/gcc/mingw32/6.3.0/../../../libmingw32.a(CRTglob.o)
 .rdata$zzz     0x00406244       0x14 c:/mingw/bin/../lib/gcc/mingw32/6.3.0/../../../libmingw32.a(setargv.o)
 .rdata$zzz     0x00406258       0x14 c:/mingw/bin/../lib/gcc/mingw32/6.3.0/../../../libmingw32.a(CRTfmode.o)
 .rdata$zzz     0x0040626c       0x14 c:/mingw/bin/../lib/gcc/mingw32/6.3.0/../../../libmingw32.a(CRT_fp10.o)
 .rdata$zzz     0x00406280       0x14 c:/mingw/bin/../lib/gcc/mingw32/6.3.0/../../../libmingw32.a(txtmode.o)
 .rdata$zzz     0x00406294       0x14 c:/mingw/bin/../lib/gcc/mingw32/6.3.0/../../../libmingw32.a(gccmain.o)
 .rdata$zzz     0x004062a8       0x14 c:/mingw/bin/../lib/gcc/mingw32/6.3.0/../../../libmingw32.a(tlssup.o)
 .rdata$zzz     0x004062bc       0x14 c:/mingw/bin/../lib/gcc/mingw32/6.3.0/../../../libmingw32.a(tlsthrd.o)
 .rdata$zzz     0x004062d0       0x14 c:/mingw/bin/../lib/gcc/mingw32/6.3.0/../../../libmingw32.a(pseudo-reloc.o)
 .rdata$zzz     0x004062e4       0x14 c:/mingw/bin/../lib/gcc/mingw32/6.3.0/../../../libmingw32.a(pseudo-reloc-list.o)
 .rdata$zzz     0x004062f8       0x14 c:/mingw/bin/../lib/gcc/mingw32/6.3.0/../../../libmingw32.a(crtst.o)
 .rdata$zzz     0x0040630c       0x14 c:/mingw/bin/../lib/gcc/mingw32/6.3.0/libgcc.a(_ctors.o)
 .rdata$zzz     0x00406320       0x14 c:/mingw/bin/../lib/gcc/mingw32/6.3.0/../../../libmingwex.a(fesetenv.o)
 .rdata$zzz     0x00406334       0x14 c:/mingw/bin/../lib/gcc/mingw32/6.3.0/../../../libmingwex.a(glob.o)
 .rdata$zzz     0x00406348       0x14 c:/mingw/bin/../lib/gcc/mingw32/6.3.0/../../../libmingwex.a(dirname.o)
 .rdata$zzz     0x0040635c       0x14 c:/mingw/bin/../lib/gcc/mingw32/6.3.0/../../../libmingwex.a(dirent.o)
 .rdata$zzz     0x00406370       0x14 c:/mingw/bin/../lib/gcc/mingw32/6.3.0/crtend.o
                0x00406384                __rt_psrelocs_start = .
 *(.rdata_runtime_pseudo_reloc)
 .rdata_runtime_pseudo_reloc
                0x00406384       0x18 rtr000000.o
 .rdata_runtime_pseudo_reloc
                0x0040639c        0xc rtr000002.o
 .rdata_runtime_pseudo_reloc
                0x004063a8        0xc rtr000003.o
 .rdata_runtime_pseudo_reloc
                0x004063b4        0xc rtr000004.o
 .rdata_runtime_pseudo_reloc
                0x004063c0        0xc rtr000005.o
 .rdata_runtime_pseudo_reloc
                0x004063cc        0xc rtr000006.o
 .rdata_runtime_pseudo_reloc
                0x004063d8        0xc rtr000007.o
 .rdata_runtime_pseudo_reloc
                0x004063e4        0xc rtr000008.o
 .rdata_runtime_pseudo_reloc
                0x004063f0        0xc rtr000009.o
 .rdata_runtime_pseudo_reloc
                0x004063fc        0xc rtr000010.o
 .rdata_runtime_pseudo_reloc
                0x00406408        0xc rtr000011.o
 .rdata_runtime_pseudo_reloc
                0x00406414        0xc rtr000012.o
 .rdata_runtime_pseudo_reloc
                0x00406420        0xc rtr000013.o
 .rdata_runtime_pseudo_reloc
                0x0040642c        0xc rtr000014.o
 .rdata_runtime_pseudo_reloc
                0x00406438        0xc rtr000015.o
 .rdata_runtime_pseudo_reloc
                0x00406444        0xc rtr000016.o
 .rdata_runtime_pseudo_reloc
                0x00406450        0xc rtr000017.o
 .rdata_runtime_pseudo_reloc
                0x0040645c        0xc rtr000018.o
 .rdata_runtime_pseudo_reloc
                0x00406468        0xc rtr000019.o
 .rdata_runtime_pseudo_reloc
                0x00406474        0xc rtr000020.o
                0x00406480                __rt_psrelocs_end = .
                0x000000fc                __rt_psrelocs_size = (__rt_psrelocs_end - __rt_psrelocs_start)
                0x00406480                ___RUNTIME_PSEUDO_RELOC_LIST_END__ = .
                0x00406480                __RUNTIME_PSEUDO_RELOC_LIST_END__ = .
                0x00406384                ___RUNTIME_PSEUDO_RELOC_LIST__ = (. - __rt_psrelocs_size)
                0x00406384                __RUNTIME_PSEUDO_RELOC_LIST__ = (. - __rt_psrelocs_size)

.eh_frame       0x00407000      0xc00
 *(.eh_frame*)
 .eh_frame      0x00407000       0xb8 c:/mingw/bin/../lib/gcc/mingw32/6.3.0/../../../crt2.o
 .eh_frame      0x004070b8       0x64 c:/mingw/bin/../lib/gcc/mingw32/6.3.0/crtbegin.o
                0x004070b8                __EH_FRAME_BEGIN__
 .eh_frame      0x0040711c       0xe8 C:\Users\olek-\AppData\Local\Temp\ccwoxr5P.o
 .eh_frame      0x00407204      0x13c libsort.lib(sort.o)
 .eh_frame      0x00407340       0x58 c:/mingw/bin/../lib/gcc/mingw32/6.3.0/../../../libmingw32.a(setargv.o)
 .eh_frame      0x00407398       0x40 c:/mingw/bin/../lib/gcc/mingw32/6.3.0/../../../libmingw32.a(cpu_features.o)
 .eh_frame      0x004073d8       0x68 c:/mingw/bin/../lib/gcc/mingw32/6.3.0/../../../libmingw32.a(gccmain.o)
 .eh_frame      0x00407440       0x88 c:/mingw/bin/../lib/gcc/mingw32/6.3.0/../../../libmingw32.a(tlssup.o)
 .eh_frame      0x004074c8      0x108 c:/mingw/bin/../lib/gcc/mingw32/6.3.0/../../../libmingw32.a(tlsthrd.o)
 .eh_frame      0x004075d0       0xd8 c:/mingw/bin/../lib/gcc/mingw32/6.3.0/../../../libmingw32.a(pseudo-reloc.o)
 .eh_frame      0x004076a8       0x34 c:/mingw/bin/../lib/gcc/mingw32/6.3.0/../../../libmingwex.a(fesetenv.o)
 .eh_frame      0x004076dc      0x25c c:/mingw/bin/../lib/gcc/mingw32/6.3.0/../../../libmingwex.a(glob.o)
 .eh_frame      0x00407938       0x58 c:/mingw/bin/../lib/gcc/mingw32/6.3.0/../../../libmingwex.a(dirname.o)
 .eh_frame      0x00407990      0x1c4 c:/mingw/bin/../lib/gcc/mingw32/6.3.0/../../../libmingwex.a(dirent.o)
 .eh_frame      0x00407b54       0x3c c:/mingw/bin/../lib/gcc/mingw32/6.3.0/crtend.o

.pdata
 *(.pdata*)

.bss            0x00408000       0x78
                0x00408000                __bss_start__ = .
 *(.bss)
 .bss           0x00408000        0x8 c:/mingw/bin/../lib/gcc/mingw32/6.3.0/../../../crt2.o
                0x00408000                _argv
                0x00408004                _argc
 .bss           0x00408008       0x18 c:/mingw/bin/../lib/gcc/mingw32/6.3.0/crtbegin.o
 .bss           0x00408020        0x4 C:\Users\olek-\AppData\Local\Temp\ccwoxr5P.o
 .bss           0x00408024        0x4 libsort.lib(sort.o)
 .bss           0x00408028        0x0 c:/mingw/bin/../lib/gcc/mingw32/6.3.0/../../../libmingw32.a(CRTglob.o)
 .bss           0x00408028        0x0 c:/mingw/bin/../lib/gcc/mingw32/6.3.0/../../../libmingw32.a(setargv.o)
 .bss           0x00408028        0x4 c:/mingw/bin/../lib/gcc/mingw32/6.3.0/../../../libmingw32.a(CRTfmode.o)
                0x00408028                _CRT_fmode
 .bss           0x0040802c        0x4 c:/mingw/bin/../lib/gcc/mingw32/6.3.0/../../../libmingw32.a(cpu_features.o)
                0x0040802c                __cpu_features
 .bss           0x00408030        0x0 c:/mingw/bin/../lib/gcc/mingw32/6.3.0/../../../libmingw32.a(CRT_fp10.o)
 .bss           0x00408030        0x0 c:/mingw/bin/../lib/gcc/mingw32/6.3.0/../../../libmingw32.a(txtmode.o)
 .bss           0x00408030        0x4 c:/mingw/bin/../lib/gcc/mingw32/6.3.0/../../../libmingw32.a(gccmain.o)
 .bss           0x00408034       0x10 c:/mingw/bin/../lib/gcc/mingw32/6.3.0/../../../libmingw32.a(tlssup.o)
                0x00408034                mingw_initltssuo_force
                0x00408038                mingw_initltsdyn_force
                0x0040803c                mingw_initltsdrot_force
                0x00408040                _tls_index
 .bss           0x00408044       0x20 c:/mingw/bin/../lib/gcc/mingw32/6.3.0/../../../libmingw32.a(tlsthrd.o)
 .bss           0x00408064        0x4 c:/mingw/bin/../lib/gcc/mingw32/6.3.0/../../../libmingw32.a(pseudo-reloc.o)
 .bss           0x00408068        0x4 c:/mingw/bin/../lib/gcc/mingw32/6.3.0/../../../libmingw32.a(pseudo-reloc-list.o)
 .bss           0x0040806c        0x4 c:/mingw/bin/../lib/gcc/mingw32/6.3.0/../../../libmingw32.a(crtst.o)
                0x0040806c                _CRT_MT
 .bss           0x00408070        0x0 c:/mingw/bin/../lib/gcc/mingw32/6.3.0/libgcc.a(_chkstk_ms.o)
 .bss           0x00408070        0x0 c:/mingw/bin/../lib/gcc/mingw32/6.3.0/libgcc.a(_ctors.o)
 .bss           0x00408070        0x0 c:/mingw/bin/../lib/gcc/mingw32/6.3.0/../../../libmingwex.a(fesetenv.o)
 .bss           0x00408070        0x0 c:/mingw/bin/../lib/gcc/mingw32/6.3.0/../../../libmingwex.a(glob.o)
 .bss           0x00408070        0x4 c:/mingw/bin/../lib/gcc/mingw32/6.3.0/../../../libmingwex.a(dirname.o)
 .bss           0x00408074        0x0 c:/mingw/bin/../lib/gcc/mingw32/6.3.0/../../../libmingwex.a(dirent.o)
 .bss           0x00408074        0x0 c:/mingw/bin/../lib/gcc/mingw32/6.3.0/../../../libmsvcrt.a(djpvbs01325.o)
 .bss           0x00408074        0x0 c:/mingw/bin/../lib/gcc/mingw32/6.3.0/../../../libmsvcrt.a(djpvbs01284.o)
 .bss           0x00408074        0x0 c:/mingw/bin/../lib/gcc/mingw32/6.3.0/../../../libmsvcrt.a(djpvbs01277.o)
 .bss           0x00408074        0x0 c:/mingw/bin/../lib/gcc/mingw32/6.3.0/../../../libmsvcrt.a(djpvbs01272.o)
 .bss           0x00408074        0x0 c:/mingw/bin/../lib/gcc/mingw32/6.3.0/../../../libmsvcrt.a(djpvbs01249.o)
 .bss           0x00408074        0x0 c:/mingw/bin/../lib/gcc/mingw32/6.3.0/../../../libmsvcrt.a(djpvbs01242.o)
 .bss           0x00408074        0x0 c:/mingw/bin/../lib/gcc/mingw32/6.3.0/../../../libmsvcrt.a(djpvbs01235.o)
 .bss           0x00408074        0x0 c:/mingw/bin/../lib/gcc/mingw32/6.3.0/../../../libmsvcrt.a(djpvbs01229.o)
 .bss           0x00408074        0x0 c:/mingw/bin/../lib/gcc/mingw32/6.3.0/../../../libmsvcrt.a(djpvbs01227.o)
 .bss           0x00408074        0x0 c:/mingw/bin/../lib/gcc/mingw32/6.3.0/../../../libmsvcrt.a(djpvbs01220.o)
 .bss           0x00408074        0x0 c:/mingw/bin/../lib/gcc/mingw32/6.3.0/../../../libmsvcrt.a(djpvbs01218.o)
 .bss           0x00408074        0x0 c:/mingw/bin/../lib/gcc/mingw32/6.3.0/../../../libmsvcrt.a(djpvbs01199.o)
 .bss           0x00408074        0x0 c:/mingw/bin/../lib/gcc/mingw32/6.3.0/../../../libmsvcrt.a(djpvbs01194.o)
 .bss           0x00408074        0x0 c:/mingw/bin/../lib/gcc/mingw32/6.3.0/../../../libmsvcrt.a(djpvbs01187.o)
 .bss           0x00408074        0x0 c:/mingw/bin/../lib/gcc/mingw32/6.3.0/../../../libmsvcrt.a(djpvbs01142.o)
 .bss           0x00408074        0x0 c:/mingw/bin/../lib/gcc/mingw32/6.3.0/../../../libmsvcrt.a(djpvbs01131.o)
 .bss           0x00408074        0x0 c:/mingw/bin/../lib/gcc/mingw32/6.3.0/../../../libmsvcrt.a(djpvbs01098.o)
 .bss           0x00408074        0x0 c:/mingw/bin/../lib/gcc/mingw32/6.3.0/../../../libmsvcrt.a(djpvbs01091.o)
 .bss           0x00408074        0x0 c:/mingw/bin/../lib/gcc/mingw32/6.3.0/../../../libmsvcrt.a(djpvbs01083.o)
 .bss           0x00408074        0x0 c:/mingw/bin/../lib/gcc/mingw32/6.3.0/../../../libmsvcrt.a(djpvbs00753.o)
 .bss           0x00408074        0x0 c:/mingw/bin/../lib/gcc/mingw32/6.3.0/../../../libmsvcrt.a(djpvbs00698.o)
 .bss           0x00408074        0x0 c:/mingw/bin/../lib/gcc/mingw32/6.3.0/../../../libmsvcrt.a(djpvbs00689.o)
 .bss           0x00408074        0x0 c:/mingw/bin/../lib/gcc/mingw32/6.3.0/../../../libmsvcrt.a(djpvbs00422.o)
 .bss           0x00408074        0x0 c:/mingw/bin/../lib/gcc/mingw32/6.3.0/../../../libmsvcrt.a(djpvbs00417.o)
 .bss           0x00408074        0x0 c:/mingw/bin/../lib/gcc/mingw32/6.3.0/../../../libmsvcrt.a(djpvbs00350.o)
 .bss           0x00408074        0x0 c:/mingw/bin/../lib/gcc/mingw32/6.3.0/../../../libmsvcrt.a(djpvbs00324.o)
 .bss           0x00408074        0x0 c:/mingw/bin/../lib/gcc/mingw32/6.3.0/../../../libmsvcrt.a(djpvbs00285.o)
 .bss           0x00408074        0x0 c:/mingw/bin/../lib/gcc/mingw32/6.3.0/../../../libmsvcrt.a(djpvbs00219.o)
 .bss           0x00408074        0x0 c:/mingw/bin/../lib/gcc/mingw32/6.3.0/../../../libmsvcrt.a(djpvbs00153.o)
 .bss           0x00408074        0x0 c:/mingw/bin/../lib/gcc/mingw32/6.3.0/../../../libmsvcrt.a(djpvbs00133.o)
 .bss           0x00408074        0x0 c:/mingw/bin/../lib/gcc/mingw32/6.3.0/../../../libmsvcrt.a(djpvbs00131.o)
 .bss           0x00408074        0x0 c:/mingw/bin/../lib/gcc/mingw32/6.3.0/../../../libmsvcrt.a(djpvbs00119.o)
 .bss           0x00408074        0x0 c:/mingw/bin/../lib/gcc/mingw32/6.3.0/../../../libmsvcrt.a(djpvbs00088.o)
 .bss           0x00408074        0x0 c:/mingw/bin/../lib/gcc/mingw32/6.3.0/../../../libmsvcrt.a(djpvbh.o)
 .bss           0x00408074        0x0 c:/mingw/bin/../lib/gcc/mingw32/6.3.0/../../../libmsvcrt.a(djpvbt.o)
 .bss           0x00408074        0x0 c:/mingw/bin/../lib/gcc/mingw32/6.3.0/../../../libkernel32.a(dujcs01215.o)
 .bss           0x00408074        0x0 c:/mingw/bin/../lib/gcc/mingw32/6.3.0/../../../libkernel32.a(dujcs01213.o)
 .bss           0x00408074        0x0 c:/mingw/bin/../lib/gcc/mingw32/6.3.0/../../../libkernel32.a(dujcs01173.o)
 .bss           0x00408074        0x0 c:/mingw/bin/../lib/gcc/mingw32/6.3.0/../../../libkernel32.a(dujcs01140.o)
 .bss           0x00408074        0x0 c:/mingw/bin/../lib/gcc/mingw32/6.3.0/../../../libkernel32.a(dujcs00817.o)
 .bss           0x00408074        0x0 c:/mingw/bin/../lib/gcc/mingw32/6.3.0/../../../libkernel32.a(dujcs00814.o)
 .bss           0x00408074        0x0 c:/mingw/bin/../lib/gcc/mingw32/6.3.0/../../../libkernel32.a(dujcs00734.o)
 .bss           0x00408074        0x0 c:/mingw/bin/../lib/gcc/mingw32/6.3.0/../../../libkernel32.a(dujcs00577.o)
 .bss           0x00408074        0x0 c:/mingw/bin/../lib/gcc/mingw32/6.3.0/../../../libkernel32.a(dujcs00529.o)
 .bss           0x00408074        0x0 c:/mingw/bin/../lib/gcc/mingw32/6.3.0/../../../libkernel32.a(dujcs00510.o)
 .bss           0x00408074        0x0 c:/mingw/bin/../lib/gcc/mingw32/6.3.0/../../../libkernel32.a(dujcs00388.o)
 .bss           0x00408074        0x0 c:/mingw/bin/../lib/gcc/mingw32/6.3.0/../../../libkernel32.a(dujcs00352.o)
 .bss           0x00408074        0x0 c:/mingw/bin/../lib/gcc/mingw32/6.3.0/../../../libkernel32.a(dujcs00321.o)
 .bss           0x00408074        0x0 c:/mingw/bin/../lib/gcc/mingw32/6.3.0/../../../libkernel32.a(dujcs00304.o)
 .bss           0x00408074        0x0 c:/mingw/bin/../lib/gcc/mingw32/6.3.0/../../../libkernel32.a(dujcs00300.o)
 .bss           0x00408074        0x0 c:/mingw/bin/../lib/gcc/mingw32/6.3.0/../../../libkernel32.a(dujcs00279.o)
 .bss           0x00408074        0x0 c:/mingw/bin/../lib/gcc/mingw32/6.3.0/../../../libkernel32.a(dujcs00236.o)
 .bss           0x00408074        0x0 c:/mingw/bin/../lib/gcc/mingw32/6.3.0/../../../libkernel32.a(dujcs00207.o)
 .bss           0x00408074        0x0 c:/mingw/bin/../lib/gcc/mingw32/6.3.0/../../../libkernel32.a(dujch.o)
 .bss           0x00408074        0x0 c:/mingw/bin/../lib/gcc/mingw32/6.3.0/../../../libkernel32.a(dujct.o)
 .bss           0x00408074        0x0 c:/mingw/bin/../lib/gcc/mingw32/6.3.0/../../../libmoldname.a(dagwbs00082.o)
 .bss           0x00408074        0x0 c:/mingw/bin/../lib/gcc/mingw32/6.3.0/../../../libmoldname.a(dagwbs00080.o)
 .bss           0x00408074        0x0 c:/mingw/bin/../lib/gcc/mingw32/6.3.0/../../../libmoldname.a(dagwbh.o)
 .bss           0x00408074        0x0 c:/mingw/bin/../lib/gcc/mingw32/6.3.0/../../../libmoldname.a(dagwbt.o)
 .bss           0x00408074        0x0 c:/mingw/bin/../lib/gcc/mingw32/6.3.0/crtend.o
 *(COMMON)
 COMMON         0x00408074        0x4 c:/mingw/bin/../lib/gcc/mingw32/6.3.0/crtbegin.o
                0x00408074                hmod_libgcc
 COMMON         0x00408078        0x0 c:/mingw/bin/../lib/gcc/mingw32/6.3.0/libgcc.a(_ctors.o)
                0x00408078                __bss_end__ = .

.edata
 *(.edata)

/DISCARD/
 *(.debug$S)
 *(.debug$T)
 *(.debug$F)
 *(.drectve)
 *(.note.GNU-stack)
 *(.gnu.lto_*)

.idata          0x00409000      0x800
 SORT(*)(.idata$2)
 .idata$2       0x00409000       0x14 c:/mingw/bin/../lib/gcc/mingw32/6.3.0/../../../libkernel32.a(dujch.o)
                0x00409000                _head_libkernel32_a
 .idata$2       0x00409014       0x14 c:/mingw/bin/../lib/gcc/mingw32/6.3.0/../../../libmoldname.a(dagwbh.o)
                0x00409014                _head_libmoldname_a
 .idata$2       0x00409028       0x14 c:/mingw/bin/../lib/gcc/mingw32/6.3.0/../../../libmsvcrt.a(djpvbh.o)
                0x00409028                _head_libmsvcrt_a
 .idata$2       0x0040903c       0x14 c:/mingw/bin/../lib/gcc/mingw32/6.3.0/libgcc_s.a(d000000.o)
                0x0040903c                _head_libgcc_s_dw2_1_dll
 .idata$2       0x00409050       0x14 c:/mingw/bin/../lib/gcc/mingw32/6.3.0/libstdc++.dll.a(d000000.o)
                0x00409050                _head_libstdc___6_dll
 SORT(*)(.idata$3)
                0x00409064        0x4 LONG 0x0
                0x00409068        0x4 LONG 0x0
                0x0040906c        0x4 LONG 0x0
                0x00409070        0x4 LONG 0x0
                0x00409074        0x4 LONG 0x0
 SORT(*)(.idata$4)
 .idata$4       0x00409078        0x0 c:/mingw/bin/../lib/gcc/mingw32/6.3.0/../../../libkernel32.a(dujch.o)
 .idata$4       0x00409078        0x4 c:/mingw/bin/../lib/gcc/mingw32/6.3.0/../../../libkernel32.a(dujcs00207.o)
 .idata$4       0x0040907c        0x4 c:/mingw/bin/../lib/gcc/mingw32/6.3.0/../../../libkernel32.a(dujcs00236.o)
 .idata$4       0x00409080        0x4 c:/mingw/bin/../lib/gcc/mingw32/6.3.0/../../../libkernel32.a(dujcs00279.o)
 .idata$4       0x00409084        0x4 c:/mingw/bin/../lib/gcc/mingw32/6.3.0/../../../libkernel32.a(dujcs00300.o)
 .idata$4       0x00409088        0x4 c:/mingw/bin/../lib/gcc/mingw32/6.3.0/../../../libkernel32.a(dujcs00304.o)
 .idata$4       0x0040908c        0x4 c:/mingw/bin/../lib/gcc/mingw32/6.3.0/../../../libkernel32.a(dujcs00321.o)
 .idata$4       0x00409090        0x4 c:/mingw/bin/../lib/gcc/mingw32/6.3.0/../../../libkernel32.a(dujcs00352.o)
 .idata$4       0x00409094        0x4 c:/mingw/bin/../lib/gcc/mingw32/6.3.0/../../../libkernel32.a(dujcs00388.o)
 .idata$4       0x00409098        0x4 c:/mingw/bin/../lib/gcc/mingw32/6.3.0/../../../libkernel32.a(dujcs00510.o)
 .idata$4       0x0040909c        0x4 c:/mingw/bin/../lib/gcc/mingw32/6.3.0/../../../libkernel32.a(dujcs00529.o)
 .idata$4       0x004090a0        0x4 c:/mingw/bin/../lib/gcc/mingw32/6.3.0/../../../libkernel32.a(dujcs00577.o)
 .idata$4       0x004090a4        0x4 c:/mingw/bin/../lib/gcc/mingw32/6.3.0/../../../libkernel32.a(dujcs00734.o)
 .idata$4       0x004090a8        0x4 c:/mingw/bin/../lib/gcc/mingw32/6.3.0/../../../libkernel32.a(dujcs00814.o)
 .idata$4       0x004090ac        0x4 c:/mingw/bin/../lib/gcc/mingw32/6.3.0/../../../libkernel32.a(dujcs00817.o)
 .idata$4       0x004090b0        0x4 c:/mingw/bin/../lib/gcc/mingw32/6.3.0/../../../libkernel32.a(dujcs01140.o)
 .idata$4       0x004090b4        0x4 c:/mingw/bin/../lib/gcc/mingw32/6.3.0/../../../libkernel32.a(dujcs01173.o)
 .idata$4       0x004090b8        0x4 c:/mingw/bin/../lib/gcc/mingw32/6.3.0/../../../libkernel32.a(dujcs01213.o)
 .idata$4       0x004090bc        0x4 c:/mingw/bin/../lib/gcc/mingw32/6.3.0/../../../libkernel32.a(dujcs01215.o)
 .idata$4       0x004090c0        0x4 c:/mingw/bin/../lib/gcc/mingw32/6.3.0/../../../libkernel32.a(dujct.o)
 .idata$4       0x004090c4        0x0 c:/mingw/bin/../lib/gcc/mingw32/6.3.0/../../../libmoldname.a(dagwbh.o)
 .idata$4       0x004090c4        0x4 c:/mingw/bin/../lib/gcc/mingw32/6.3.0/../../../libmoldname.a(dagwbs00080.o)
 .idata$4       0x004090c8        0x4 c:/mingw/bin/../lib/gcc/mingw32/6.3.0/../../../libmoldname.a(dagwbs00082.o)
 .idata$4       0x004090cc        0x4 c:/mingw/bin/../lib/gcc/mingw32/6.3.0/../../../libmoldname.a(dagwbt.o)
 .idata$4       0x004090d0        0x0 c:/mingw/bin/../lib/gcc/mingw32/6.3.0/../../../libmsvcrt.a(djpvbh.o)
 .idata$4       0x004090d0        0x4 c:/mingw/bin/../lib/gcc/mingw32/6.3.0/../../../libmsvcrt.a(djpvbs00088.o)
 .idata$4       0x004090d4        0x4 c:/mingw/bin/../lib/gcc/mingw32/6.3.0/../../../libmsvcrt.a(djpvbs00119.o)
 .idata$4       0x004090d8        0x4 c:/mingw/bin/../lib/gcc/mingw32/6.3.0/../../../libmsvcrt.a(djpvbs00131.o)
 .idata$4       0x004090dc        0x4 c:/mingw/bin/../lib/gcc/mingw32/6.3.0/../../../libmsvcrt.a(djpvbs00133.o)
 .idata$4       0x004090e0        0x4 c:/mingw/bin/../lib/gcc/mingw32/6.3.0/../../../libmsvcrt.a(djpvbs00153.o)
 .idata$4       0x004090e4        0x4 c:/mingw/bin/../lib/gcc/mingw32/6.3.0/../../../libmsvcrt.a(djpvbs00219.o)
 .idata$4       0x004090e8        0x4 c:/mingw/bin/../lib/gcc/mingw32/6.3.0/../../../libmsvcrt.a(djpvbs00285.o)
 .idata$4       0x004090ec        0x4 c:/mingw/bin/../lib/gcc/mingw32/6.3.0/../../../libmsvcrt.a(djpvbs00324.o)
 .idata$4       0x004090f0        0x4 c:/mingw/bin/../lib/gcc/mingw32/6.3.0/../../../libmsvcrt.a(djpvbs00350.o)
 .idata$4       0x004090f4        0x4 c:/mingw/bin/../lib/gcc/mingw32/6.3.0/../../../libmsvcrt.a(djpvbs00417.o)
 .idata$4       0x004090f8        0x4 c:/mingw/bin/../lib/gcc/mingw32/6.3.0/../../../libmsvcrt.a(djpvbs00422.o)
 .idata$4       0x004090fc        0x4 c:/mingw/bin/../lib/gcc/mingw32/6.3.0/../../../libmsvcrt.a(djpvbs00689.o)
 .idata$4       0x00409100        0x4 c:/mingw/bin/../lib/gcc/mingw32/6.3.0/../../../libmsvcrt.a(djpvbs00698.o)
 .idata$4       0x00409104        0x4 c:/mingw/bin/../lib/gcc/mingw32/6.3.0/../../../libmsvcrt.a(djpvbs00753.o)
 .idata$4       0x00409108        0x4 c:/mingw/bin/../lib/gcc/mingw32/6.3.0/../../../libmsvcrt.a(djpvbs01083.o)
 .idata$4       0x0040910c        0x4 c:/mingw/bin/../lib/gcc/mingw32/6.3.0/../../../libmsvcrt.a(djpvbs01091.o)
 .idata$4       0x00409110        0x4 c:/mingw/bin/../lib/gcc/mingw32/6.3.0/../../../libmsvcrt.a(djpvbs01098.o)
 .idata$4       0x00409114        0x4 c:/mingw/bin/../lib/gcc/mingw32/6.3.0/../../../libmsvcrt.a(djpvbs01131.o)
 .idata$4       0x00409118        0x4 c:/mingw/bin/../lib/gcc/mingw32/6.3.0/../../../libmsvcrt.a(djpvbs01142.o)
 .idata$4       0x0040911c        0x4 c:/mingw/bin/../lib/gcc/mingw32/6.3.0/../../../libmsvcrt.a(djpvbs01187.o)
 .idata$4       0x00409120        0x4 c:/mingw/bin/../lib/gcc/mingw32/6.3.0/../../../libmsvcrt.a(djpvbs01194.o)
 .idata$4       0x00409124        0x4 c:/mingw/bin/../lib/gcc/mingw32/6.3.0/../../../libmsvcrt.a(djpvbs01199.o)
 .idata$4       0x00409128        0x4 c:/mingw/bin/../lib/gcc/mingw32/6.3.0/../../../libmsvcrt.a(djpvbs01218.o)
 .idata$4       0x0040912c        0x4 c:/mingw/bin/../lib/gcc/mingw32/6.3.0/../../../libmsvcrt.a(djpvbs01220.o)
 .idata$4       0x00409130        0x4 c:/mingw/bin/../lib/gcc/mingw32/6.3.0/../../../libmsvcrt.a(djpvbs01227.o)
 .idata$4       0x00409134        0x4 c:/mingw/bin/../lib/gcc/mingw32/6.3.0/../../../libmsvcrt.a(djpvbs01229.o)
 .idata$4       0x00409138        0x4 c:/mingw/bin/../lib/gcc/mingw32/6.3.0/../../../libmsvcrt.a(djpvbs01235.o)
 .idata$4       0x0040913c        0x4 c:/mingw/bin/../lib/gcc/mingw32/6.3.0/../../../libmsvcrt.a(djpvbs01242.o)
 .idata$4       0x00409140        0x4 c:/mingw/bin/../lib/gcc/mingw32/6.3.0/../../../libmsvcrt.a(djpvbs01249.o)
 .idata$4       0x00409144        0x4 c:/mingw/bin/../lib/gcc/mingw32/6.3.0/../../../libmsvcrt.a(djpvbs01272.o)
 .idata$4       0x00409148        0x4 c:/mingw/bin/../lib/gcc/mingw32/6.3.0/../../../libmsvcrt.a(djpvbs01277.o)
 .idata$4       0x0040914c        0x4 c:/mingw/bin/../lib/gcc/mingw32/6.3.0/../../../libmsvcrt.a(djpvbs01284.o)
 .idata$4       0x00409150        0x4 c:/mingw/bin/../lib/gcc/mingw32/6.3.0/../../../libmsvcrt.a(djpvbs01325.o)
 .idata$4       0x00409154        0x4 c:/mingw/bin/../lib/gcc/mingw32/6.3.0/../../../libmsvcrt.a(djpvbt.o)
 .idata$4       0x00409158        0x0 c:/mingw/bin/../lib/gcc/mingw32/6.3.0/libgcc_s.a(d000000.o)
 .idata$4       0x00409158        0x4 c:/mingw/bin/../lib/gcc/mingw32/6.3.0/libgcc_s.a(d000037.o)
 .idata$4       0x0040915c        0x4 c:/mingw/bin/../lib/gcc/mingw32/6.3.0/libgcc_s.a(d000106.o)
 .idata$4       0x00409160        0x4 c:/mingw/bin/../lib/gcc/mingw32/6.3.0/libgcc_s.a(d000122.o)
 .idata$4       0x00409164        0x0 c:/mingw/bin/../lib/gcc/mingw32/6.3.0/libstdc++.dll.a(d000000.o)
 .idata$4       0x00409164        0x4 c:/mingw/bin/../lib/gcc/mingw32/6.3.0/libstdc++.dll.a(d001495.o)
 .idata$4       0x00409168        0x4 c:/mingw/bin/../lib/gcc/mingw32/6.3.0/libstdc++.dll.a(d001501.o)
 .idata$4       0x0040916c        0x4 c:/mingw/bin/../lib/gcc/mingw32/6.3.0/libstdc++.dll.a(d003953.o)
 .idata$4       0x00409170        0x4 c:/mingw/bin/../lib/gcc/mingw32/6.3.0/libstdc++.dll.a(d003955.o)
 .idata$4       0x00409174        0x4 c:/mingw/bin/../lib/gcc/mingw32/6.3.0/libstdc++.dll.a(d004226.o)
 .idata$4       0x00409178        0x4 c:/mingw/bin/../lib/gcc/mingw32/6.3.0/libstdc++.dll.a(d004227.o)
 .idata$4       0x0040917c        0x4 c:/mingw/bin/../lib/gcc/mingw32/6.3.0/libstdc++.dll.a(d004332.o)
 .idata$4       0x00409180        0x4 c:/mingw/bin/../lib/gcc/mingw32/6.3.0/libstdc++.dll.a(d005190.o)
                0x00409184                __IAT_start__ = .
 SORT(*)(.idata$5)
 .idata$5       0x00409184        0x0 c:/mingw/bin/../lib/gcc/mingw32/6.3.0/../../../libkernel32.a(dujch.o)
 .idata$5       0x00409184        0x4 c:/mingw/bin/../lib/gcc/mingw32/6.3.0/../../../libkernel32.a(dujcs00207.o)
                0x00409184                _imp__DeleteCriticalSection@4
 .idata$5       0x00409188        0x4 c:/mingw/bin/../lib/gcc/mingw32/6.3.0/../../../libkernel32.a(dujcs00236.o)
                0x00409188                _imp__EnterCriticalSection@4
 .idata$5       0x0040918c        0x4 c:/mingw/bin/../lib/gcc/mingw32/6.3.0/../../../libkernel32.a(dujcs00279.o)
                0x0040918c                _imp__ExitProcess@4
 .idata$5       0x00409190        0x4 c:/mingw/bin/../lib/gcc/mingw32/6.3.0/../../../libkernel32.a(dujcs00300.o)
                0x00409190                _imp__FindClose@4
 .idata$5       0x00409194        0x4 c:/mingw/bin/../lib/gcc/mingw32/6.3.0/../../../libkernel32.a(dujcs00304.o)
                0x00409194                _imp__FindFirstFileA@8
 .idata$5       0x00409198        0x4 c:/mingw/bin/../lib/gcc/mingw32/6.3.0/../../../libkernel32.a(dujcs00321.o)
                0x00409198                _imp__FindNextFileA@8
 .idata$5       0x0040919c        0x4 c:/mingw/bin/../lib/gcc/mingw32/6.3.0/../../../libkernel32.a(dujcs00352.o)
                0x0040919c                _imp__FreeLibrary@4
 .idata$5       0x004091a0        0x4 c:/mingw/bin/../lib/gcc/mingw32/6.3.0/../../../libkernel32.a(dujcs00388.o)
                0x004091a0                _imp__GetCommandLineA@0
 .idata$5       0x004091a4        0x4 c:/mingw/bin/../lib/gcc/mingw32/6.3.0/../../../libkernel32.a(dujcs00510.o)
                0x004091a4                _imp__GetLastError@0
 .idata$5       0x004091a8        0x4 c:/mingw/bin/../lib/gcc/mingw32/6.3.0/../../../libkernel32.a(dujcs00529.o)
                0x004091a8                _imp__GetModuleHandleA@4
 .idata$5       0x004091ac        0x4 c:/mingw/bin/../lib/gcc/mingw32/6.3.0/../../../libkernel32.a(dujcs00577.o)
                0x004091ac                _imp__GetProcAddress@8
 .idata$5       0x004091b0        0x4 c:/mingw/bin/../lib/gcc/mingw32/6.3.0/../../../libkernel32.a(dujcs00734.o)
                0x004091b0                _imp__InitializeCriticalSection@4
 .idata$5       0x004091b4        0x4 c:/mingw/bin/../lib/gcc/mingw32/6.3.0/../../../libkernel32.a(dujcs00814.o)
                0x004091b4                _imp__LeaveCriticalSection@4
 .idata$5       0x004091b8        0x4 c:/mingw/bin/../lib/gcc/mingw32/6.3.0/../../../libkernel32.a(dujcs00817.o)
                0x004091b8                _imp__LoadLibraryA@4
 .idata$5       0x004091bc        0x4 c:/mingw/bin/../lib/gcc/mingw32/6.3.0/../../../libkernel32.a(dujcs01140.o)
                0x004091bc                _imp__SetUnhandledExceptionFilter@4
 .idata$5       0x004091c0        0x4 c:/mingw/bin/../lib/gcc/mingw32/6.3.0/../../../libkernel32.a(dujcs01173.o)
                0x004091c0                _imp__TlsGetValue@4
 .idata$5       0x004091c4        0x4 c:/mingw/bin/../lib/gcc/mingw32/6.3.0/../../../libkernel32.a(dujcs01213.o)
                0x004091c4                _imp__VirtualProtect@16
 .idata$5       0x004091c8        0x4 c:/mingw/bin/../lib/gcc/mingw32/6.3.0/../../../libkernel32.a(dujcs01215.o)
                0x004091c8                _imp__VirtualQuery@12
 .idata$5       0x004091cc        0x4 c:/mingw/bin/../lib/gcc/mingw32/6.3.0/../../../libkernel32.a(dujct.o)
 .idata$5       0x004091d0        0x0 c:/mingw/bin/../lib/gcc/mingw32/6.3.0/../../../libmoldname.a(dagwbh.o)
 .idata$5       0x004091d0        0x4 c:/mingw/bin/../lib/gcc/mingw32/6.3.0/../../../libmoldname.a(dagwbs00080.o)
                0x004091d0                _imp__strdup
 .idata$5       0x004091d4        0x4 c:/mingw/bin/../lib/gcc/mingw32/6.3.0/../../../libmoldname.a(dagwbs00082.o)
                0x004091d4                _imp__stricoll
 .idata$5       0x004091d8        0x4 c:/mingw/bin/../lib/gcc/mingw32/6.3.0/../../../libmoldname.a(dagwbt.o)
 .idata$5       0x004091dc        0x0 c:/mingw/bin/../lib/gcc/mingw32/6.3.0/../../../libmsvcrt.a(djpvbh.o)
 .idata$5       0x004091dc        0x4 c:/mingw/bin/../lib/gcc/mingw32/6.3.0/../../../libmsvcrt.a(djpvbs00088.o)
                0x004091dc                _imp____getmainargs
 .idata$5       0x004091e0        0x4 c:/mingw/bin/../lib/gcc/mingw32/6.3.0/../../../libmsvcrt.a(djpvbs00119.o)
                0x004091e0                _imp____mb_cur_max
 .idata$5       0x004091e4        0x4 c:/mingw/bin/../lib/gcc/mingw32/6.3.0/../../../libmsvcrt.a(djpvbs00131.o)
                0x004091e4                _imp____p__environ
 .idata$5       0x004091e8        0x4 c:/mingw/bin/../lib/gcc/mingw32/6.3.0/../../../libmsvcrt.a(djpvbs00133.o)
                0x004091e8                _imp____p__fmode
 .idata$5       0x004091ec        0x4 c:/mingw/bin/../lib/gcc/mingw32/6.3.0/../../../libmsvcrt.a(djpvbs00153.o)
                0x004091ec                _imp____set_app_type
 .idata$5       0x004091f0        0x4 c:/mingw/bin/../lib/gcc/mingw32/6.3.0/../../../libmsvcrt.a(djpvbs00219.o)
                0x004091f0                _imp___cexit
 .idata$5       0x004091f4        0x4 c:/mingw/bin/../lib/gcc/mingw32/6.3.0/../../../libmsvcrt.a(djpvbs00285.o)
                0x004091f4                _imp___errno
 .idata$5       0x004091f8        0x4 c:/mingw/bin/../lib/gcc/mingw32/6.3.0/../../../libmsvcrt.a(djpvbs00324.o)
                0x004091f8                _imp___fpreset
 .idata$5       0x004091fc        0x4 c:/mingw/bin/../lib/gcc/mingw32/6.3.0/../../../libmsvcrt.a(djpvbs00350.o)
                0x004091fc                _imp___fullpath
 .idata$5       0x00409200        0x4 c:/mingw/bin/../lib/gcc/mingw32/6.3.0/../../../libmsvcrt.a(djpvbs00417.o)
                0x00409200                _imp___iob
 .idata$5       0x00409204        0x4 c:/mingw/bin/../lib/gcc/mingw32/6.3.0/../../../libmsvcrt.a(djpvbs00422.o)
                0x00409204                _imp___isctype
 .idata$5       0x00409208        0x4 c:/mingw/bin/../lib/gcc/mingw32/6.3.0/../../../libmsvcrt.a(djpvbs00689.o)
                0x00409208                _imp___onexit
 .idata$5       0x0040920c        0x4 c:/mingw/bin/../lib/gcc/mingw32/6.3.0/../../../libmsvcrt.a(djpvbs00698.o)
                0x0040920c                _imp___pctype
 .idata$5       0x00409210        0x4 c:/mingw/bin/../lib/gcc/mingw32/6.3.0/../../../libmsvcrt.a(djpvbs00753.o)
                0x00409210                _imp___setmode
 .idata$5       0x00409214        0x4 c:/mingw/bin/../lib/gcc/mingw32/6.3.0/../../../libmsvcrt.a(djpvbs01083.o)
                0x00409214                _imp__abort
 .idata$5       0x00409218        0x4 c:/mingw/bin/../lib/gcc/mingw32/6.3.0/../../../libmsvcrt.a(djpvbs01091.o)
                0x00409218                _imp__atexit
 .idata$5       0x0040921c        0x4 c:/mingw/bin/../lib/gcc/mingw32/6.3.0/../../../libmsvcrt.a(djpvbs01098.o)
                0x0040921c                _imp__calloc
 .idata$5       0x00409220        0x4 c:/mingw/bin/../lib/gcc/mingw32/6.3.0/../../../libmsvcrt.a(djpvbs01131.o)
                0x00409220                _imp__free
 .idata$5       0x00409224        0x4 c:/mingw/bin/../lib/gcc/mingw32/6.3.0/../../../libmsvcrt.a(djpvbs01142.o)
                0x00409224                _imp__fwrite
 .idata$5       0x00409228        0x4 c:/mingw/bin/../lib/gcc/mingw32/6.3.0/../../../libmsvcrt.a(djpvbs01187.o)
                0x00409228                _imp__malloc
 .idata$5       0x0040922c        0x4 c:/mingw/bin/../lib/gcc/mingw32/6.3.0/../../../libmsvcrt.a(djpvbs01194.o)
                0x0040922c                _imp__mbstowcs
 .idata$5       0x00409230        0x4 c:/mingw/bin/../lib/gcc/mingw32/6.3.0/../../../libmsvcrt.a(djpvbs01199.o)
                0x00409230                _imp__memcpy
 .idata$5       0x00409234        0x4 c:/mingw/bin/../lib/gcc/mingw32/6.3.0/../../../libmsvcrt.a(djpvbs01218.o)
                0x00409234                _imp__rand
 .idata$5       0x00409238        0x4 c:/mingw/bin/../lib/gcc/mingw32/6.3.0/../../../libmsvcrt.a(djpvbs01220.o)
                0x00409238                _imp__realloc
 .idata$5       0x0040923c        0x4 c:/mingw/bin/../lib/gcc/mingw32/6.3.0/../../../libmsvcrt.a(djpvbs01227.o)
                0x0040923c                _imp__setlocale
 .idata$5       0x00409240        0x4 c:/mingw/bin/../lib/gcc/mingw32/6.3.0/../../../libmsvcrt.a(djpvbs01229.o)
                0x00409240                _imp__signal
 .idata$5       0x00409244        0x4 c:/mingw/bin/../lib/gcc/mingw32/6.3.0/../../../libmsvcrt.a(djpvbs01235.o)
                0x00409244                _imp__srand
 .idata$5       0x00409248        0x4 c:/mingw/bin/../lib/gcc/mingw32/6.3.0/../../../libmsvcrt.a(djpvbs01242.o)
                0x00409248                _imp__strcoll
 .idata$5       0x0040924c        0x4 c:/mingw/bin/../lib/gcc/mingw32/6.3.0/../../../libmsvcrt.a(djpvbs01249.o)
                0x0040924c                _imp__strlen
 .idata$5       0x00409250        0x4 c:/mingw/bin/../lib/gcc/mingw32/6.3.0/../../../libmsvcrt.a(djpvbs01272.o)
                0x00409250                _imp__time
 .idata$5       0x00409254        0x4 c:/mingw/bin/../lib/gcc/mingw32/6.3.0/../../../libmsvcrt.a(djpvbs01277.o)
                0x00409254                _imp__tolower
 .idata$5       0x00409258        0x4 c:/mingw/bin/../lib/gcc/mingw32/6.3.0/../../../libmsvcrt.a(djpvbs01284.o)
                0x00409258                _imp__vfprintf
 .idata$5       0x0040925c        0x4 c:/mingw/bin/../lib/gcc/mingw32/6.3.0/../../../libmsvcrt.a(djpvbs01325.o)
                0x0040925c                _imp__wcstombs
 .idata$5       0x00409260        0x4 c:/mingw/bin/../lib/gcc/mingw32/6.3.0/../../../libmsvcrt.a(djpvbt.o)
 .idata$5       0x00409264        0x0 c:/mingw/bin/../lib/gcc/mingw32/6.3.0/libgcc_s.a(d000000.o)
 .idata$5       0x00409264        0x4 c:/mingw/bin/../lib/gcc/mingw32/6.3.0/libgcc_s.a(d000037.o)
                0x00409264                _imp____deregister_frame_info
 .idata$5       0x00409268        0x4 c:/mingw/bin/../lib/gcc/mingw32/6.3.0/libgcc_s.a(d000106.o)
                0x00409268                _imp____register_frame_info
 .idata$5       0x0040926c        0x4 c:/mingw/bin/../lib/gcc/mingw32/6.3.0/libgcc_s.a(d000122.o)
 .idata$5       0x00409270        0x0 c:/mingw/bin/../lib/gcc/mingw32/6.3.0/libstdc++.dll.a(d000000.o)
 .idata$5       0x00409270        0x4 c:/mingw/bin/../lib/gcc/mingw32/6.3.0/libstdc++.dll.a(d001495.o)
                0x00409270                _imp___ZNSolsEPFRSoS_E
 .idata$5       0x00409274        0x4 c:/mingw/bin/../lib/gcc/mingw32/6.3.0/libstdc++.dll.a(d001501.o)
                0x00409274                _imp___ZNSolsEd
 .idata$5       0x00409278        0x4 c:/mingw/bin/../lib/gcc/mingw32/6.3.0/libstdc++.dll.a(d003953.o)
                0x00409278                _imp___ZNSt8ios_base4InitC1Ev
 .idata$5       0x0040927c        0x4 c:/mingw/bin/../lib/gcc/mingw32/6.3.0/libstdc++.dll.a(d003955.o)
                0x0040927c                _imp___ZNSt8ios_base4InitD1Ev
 .idata$5       0x00409280        0x4 c:/mingw/bin/../lib/gcc/mingw32/6.3.0/libstdc++.dll.a(d004226.o)
                0x00409280                _imp___ZSt4cout
                0x00409280                _imp___ZSt4cout
 .idata$5       0x00409284        0x4 c:/mingw/bin/../lib/gcc/mingw32/6.3.0/libstdc++.dll.a(d004227.o)
                0x00409284                _imp___ZSt4endlIcSt11char_traitsIcEERSt13basic_ostreamIT_T0_ES6_
 .idata$5       0x00409288        0x4 c:/mingw/bin/../lib/gcc/mingw32/6.3.0/libstdc++.dll.a(d004332.o)
                0x00409288                _imp___ZStlsISt11char_traitsIcEERSt13basic_ostreamIcT_ES5_PKc
 .idata$5       0x0040928c        0x4 c:/mingw/bin/../lib/gcc/mingw32/6.3.0/libstdc++.dll.a(d005190.o)
                0x00409290                __IAT_end__ = .
 SORT(*)(.idata$6)
 .idata$6       0x00409290       0x18 c:/mingw/bin/../lib/gcc/mingw32/6.3.0/../../../libkernel32.a(dujcs00207.o)
 .idata$6       0x004092a8       0x18 c:/mingw/bin/../lib/gcc/mingw32/6.3.0/../../../libkernel32.a(dujcs00236.o)
 .idata$6       0x004092c0        0xe c:/mingw/bin/../lib/gcc/mingw32/6.3.0/../../../libkernel32.a(dujcs00279.o)
 .idata$6       0x004092ce        0xc c:/mingw/bin/../lib/gcc/mingw32/6.3.0/../../../libkernel32.a(dujcs00300.o)
 .idata$6       0x004092da       0x12 c:/mingw/bin/../lib/gcc/mingw32/6.3.0/../../../libkernel32.a(dujcs00304.o)
 .idata$6       0x004092ec       0x10 c:/mingw/bin/../lib/gcc/mingw32/6.3.0/../../../libkernel32.a(dujcs00321.o)
 .idata$6       0x004092fc        0xe c:/mingw/bin/../lib/gcc/mingw32/6.3.0/../../../libkernel32.a(dujcs00352.o)
 .idata$6       0x0040930a       0x12 c:/mingw/bin/../lib/gcc/mingw32/6.3.0/../../../libkernel32.a(dujcs00388.o)
 .idata$6       0x0040931c       0x10 c:/mingw/bin/../lib/gcc/mingw32/6.3.0/../../../libkernel32.a(dujcs00510.o)
 .idata$6       0x0040932c       0x14 c:/mingw/bin/../lib/gcc/mingw32/6.3.0/../../../libkernel32.a(dujcs00529.o)
 .idata$6       0x00409340       0x12 c:/mingw/bin/../lib/gcc/mingw32/6.3.0/../../../libkernel32.a(dujcs00577.o)
 .idata$6       0x00409352       0x1c c:/mingw/bin/../lib/gcc/mingw32/6.3.0/../../../libkernel32.a(dujcs00734.o)
 .idata$6       0x0040936e       0x18 c:/mingw/bin/../lib/gcc/mingw32/6.3.0/../../../libkernel32.a(dujcs00814.o)
 .idata$6       0x00409386       0x10 c:/mingw/bin/../lib/gcc/mingw32/6.3.0/../../../libkernel32.a(dujcs00817.o)
 .idata$6       0x00409396       0x1e c:/mingw/bin/../lib/gcc/mingw32/6.3.0/../../../libkernel32.a(dujcs01140.o)
 .idata$6       0x004093b4        0xe c:/mingw/bin/../lib/gcc/mingw32/6.3.0/../../../libkernel32.a(dujcs01173.o)
 .idata$6       0x004093c2       0x12 c:/mingw/bin/../lib/gcc/mingw32/6.3.0/../../../libkernel32.a(dujcs01213.o)
 .idata$6       0x004093d4       0x10 c:/mingw/bin/../lib/gcc/mingw32/6.3.0/../../../libkernel32.a(dujcs01215.o)
 .idata$6       0x004093e4        0xa c:/mingw/bin/../lib/gcc/mingw32/6.3.0/../../../libmoldname.a(dagwbs00080.o)
 .idata$6       0x004093ee        0xc c:/mingw/bin/../lib/gcc/mingw32/6.3.0/../../../libmoldname.a(dagwbs00082.o)
 .idata$6       0x004093fa       0x10 c:/mingw/bin/../lib/gcc/mingw32/6.3.0/../../../libmsvcrt.a(djpvbs00088.o)
 .idata$6       0x0040940a       0x10 c:/mingw/bin/../lib/gcc/mingw32/6.3.0/../../../libmsvcrt.a(djpvbs00119.o)
 .idata$6       0x0040941a       0x10 c:/mingw/bin/../lib/gcc/mingw32/6.3.0/../../../libmsvcrt.a(djpvbs00131.o)
 .idata$6       0x0040942a        0xe c:/mingw/bin/../lib/gcc/mingw32/6.3.0/../../../libmsvcrt.a(djpvbs00133.o)
 .idata$6       0x00409438       0x12 c:/mingw/bin/../lib/gcc/mingw32/6.3.0/../../../libmsvcrt.a(djpvbs00153.o)
 .idata$6       0x0040944a        0xa c:/mingw/bin/../lib/gcc/mingw32/6.3.0/../../../libmsvcrt.a(djpvbs00219.o)
 .idata$6       0x00409454        0xa c:/mingw/bin/../lib/gcc/mingw32/6.3.0/../../../libmsvcrt.a(djpvbs00285.o)
 .idata$6       0x0040945e        0xc c:/mingw/bin/../lib/gcc/mingw32/6.3.0/../../../libmsvcrt.a(djpvbs00324.o)
 .idata$6       0x0040946a        0xc c:/mingw/bin/../lib/gcc/mingw32/6.3.0/../../../libmsvcrt.a(djpvbs00350.o)
 .idata$6       0x00409476        0x8 c:/mingw/bin/../lib/gcc/mingw32/6.3.0/../../../libmsvcrt.a(djpvbs00417.o)
 .idata$6       0x0040947e        0xc c:/mingw/bin/../lib/gcc/mingw32/6.3.0/../../../libmsvcrt.a(djpvbs00422.o)
 .idata$6       0x0040948a        0xa c:/mingw/bin/../lib/gcc/mingw32/6.3.0/../../../libmsvcrt.a(djpvbs00689.o)
 .idata$6       0x00409494        0xa c:/mingw/bin/../lib/gcc/mingw32/6.3.0/../../../libmsvcrt.a(djpvbs00698.o)
 .idata$6       0x0040949e        0xc c:/mingw/bin/../lib/gcc/mingw32/6.3.0/../../../libmsvcrt.a(djpvbs00753.o)
 .idata$6       0x004094aa        0x8 c:/mingw/bin/../lib/gcc/mingw32/6.3.0/../../../libmsvcrt.a(djpvbs01083.o)
 .idata$6       0x004094b2        0xa c:/mingw/bin/../lib/gcc/mingw32/6.3.0/../../../libmsvcrt.a(djpvbs01091.o)
 .idata$6       0x004094bc        0xa c:/mingw/bin/../lib/gcc/mingw32/6.3.0/../../../libmsvcrt.a(djpvbs01098.o)
 .idata$6       0x004094c6        0x8 c:/mingw/bin/../lib/gcc/mingw32/6.3.0/../../../libmsvcrt.a(djpvbs01131.o)
 .idata$6       0x004094ce        0xa c:/mingw/bin/../lib/gcc/mingw32/6.3.0/../../../libmsvcrt.a(djpvbs01142.o)
 .idata$6       0x004094d8        0xa c:/mingw/bin/../lib/gcc/mingw32/6.3.0/../../../libmsvcrt.a(djpvbs01187.o)
 .idata$6       0x004094e2        0xc c:/mingw/bin/../lib/gcc/mingw32/6.3.0/../../../libmsvcrt.a(djpvbs01194.o)
 .idata$6       0x004094ee        0xa c:/mingw/bin/../lib/gcc/mingw32/6.3.0/../../../libmsvcrt.a(djpvbs01199.o)
 .idata$6       0x004094f8        0x8 c:/mingw/bin/../lib/gcc/mingw32/6.3.0/../../../libmsvcrt.a(djpvbs01218.o)
 .idata$6       0x00409500        0xa c:/mingw/bin/../lib/gcc/mingw32/6.3.0/../../../libmsvcrt.a(djpvbs01220.o)
 .idata$6       0x0040950a        0xc c:/mingw/bin/../lib/gcc/mingw32/6.3.0/../../../libmsvcrt.a(djpvbs01227.o)
 .idata$6       0x00409516        0xa c:/mingw/bin/../lib/gcc/mingw32/6.3.0/../../../libmsvcrt.a(djpvbs01229.o)
 .idata$6       0x00409520        0x8 c:/mingw/bin/../lib/gcc/mingw32/6.3.0/../../../libmsvcrt.a(djpvbs01235.o)
 .idata$6       0x00409528        0xa c:/mingw/bin/../lib/gcc/mingw32/6.3.0/../../../libmsvcrt.a(djpvbs01242.o)
 .idata$6       0x00409532        0xa c:/mingw/bin/../lib/gcc/mingw32/6.3.0/../../../libmsvcrt.a(djpvbs01249.o)
 .idata$6       0x0040953c        0x8 c:/mingw/bin/../lib/gcc/mingw32/6.3.0/../../../libmsvcrt.a(djpvbs01272.o)
 .idata$6       0x00409544        0xa c:/mingw/bin/../lib/gcc/mingw32/6.3.0/../../../libmsvcrt.a(djpvbs01277.o)
 .idata$6       0x0040954e        0xc c:/mingw/bin/../lib/gcc/mingw32/6.3.0/../../../libmsvcrt.a(djpvbs01284.o)
 .idata$6       0x0040955a        0xc c:/mingw/bin/../lib/gcc/mingw32/6.3.0/../../../libmsvcrt.a(djpvbs01325.o)
 *fill*         0x00409566        0x2 
 .idata$6       0x00409568       0x1c c:/mingw/bin/../lib/gcc/mingw32/6.3.0/libgcc_s.a(d000037.o)
 .idata$6       0x00409584       0x18 c:/mingw/bin/../lib/gcc/mingw32/6.3.0/libgcc_s.a(d000106.o)
 .idata$6       0x0040959c       0x14 c:/mingw/bin/../lib/gcc/mingw32/6.3.0/libstdc++.dll.a(d001495.o)
 .idata$6       0x004095b0        0xc c:/mingw/bin/../lib/gcc/mingw32/6.3.0/libstdc++.dll.a(d001501.o)
 .idata$6       0x004095bc       0x1c c:/mingw/bin/../lib/gcc/mingw32/6.3.0/libstdc++.dll.a(d003953.o)
 .idata$6       0x004095d8       0x1c c:/mingw/bin/../lib/gcc/mingw32/6.3.0/libstdc++.dll.a(d003955.o)
 .idata$6       0x004095f4        0xc c:/mingw/bin/../lib/gcc/mingw32/6.3.0/libstdc++.dll.a(d004226.o)
                0x004095f4                _nm___ZSt4cout
 .idata$6       0x00409600       0x40 c:/mingw/bin/../lib/gcc/mingw32/6.3.0/libstdc++.dll.a(d004227.o)
 .idata$6       0x00409640       0x3c c:/mingw/bin/../lib/gcc/mingw32/6.3.0/libstdc++.dll.a(d004332.o)
 SORT(*)(.idata$7)
 .idata$7       0x0040967c        0x4 c:/mingw/bin/../lib/gcc/mingw32/6.3.0/../../../libkernel32.a(dujcs00207.o)
 .idata$7       0x00409680        0x4 c:/mingw/bin/../lib/gcc/mingw32/6.3.0/../../../libkernel32.a(dujcs00236.o)
 .idata$7       0x00409684        0x4 c:/mingw/bin/../lib/gcc/mingw32/6.3.0/../../../libkernel32.a(dujcs00279.o)
 .idata$7       0x00409688        0x4 c:/mingw/bin/../lib/gcc/mingw32/6.3.0/../../../libkernel32.a(dujcs00300.o)
 .idata$7       0x0040968c        0x4 c:/mingw/bin/../lib/gcc/mingw32/6.3.0/../../../libkernel32.a(dujcs00304.o)
 .idata$7       0x00409690        0x4 c:/mingw/bin/../lib/gcc/mingw32/6.3.0/../../../libkernel32.a(dujcs00321.o)
 .idata$7       0x00409694        0x4 c:/mingw/bin/../lib/gcc/mingw32/6.3.0/../../../libkernel32.a(dujcs00352.o)
 .idata$7       0x00409698        0x4 c:/mingw/bin/../lib/gcc/mingw32/6.3.0/../../../libkernel32.a(dujcs00388.o)
 .idata$7       0x0040969c        0x4 c:/mingw/bin/../lib/gcc/mingw32/6.3.0/../../../libkernel32.a(dujcs00510.o)
 .idata$7       0x004096a0        0x4 c:/mingw/bin/../lib/gcc/mingw32/6.3.0/../../../libkernel32.a(dujcs00529.o)
 .idata$7       0x004096a4        0x4 c:/mingw/bin/../lib/gcc/mingw32/6.3.0/../../../libkernel32.a(dujcs00577.o)
 .idata$7       0x004096a8        0x4 c:/mingw/bin/../lib/gcc/mingw32/6.3.0/../../../libkernel32.a(dujcs00734.o)
 .idata$7       0x004096ac        0x4 c:/mingw/bin/../lib/gcc/mingw32/6.3.0/../../../libkernel32.a(dujcs00814.o)
 .idata$7       0x004096b0        0x4 c:/mingw/bin/../lib/gcc/mingw32/6.3.0/../../../libkernel32.a(dujcs00817.o)
 .idata$7       0x004096b4        0x4 c:/mingw/bin/../lib/gcc/mingw32/6.3.0/../../../libkernel32.a(dujcs01140.o)
 .idata$7       0x004096b8        0x4 c:/mingw/bin/../lib/gcc/mingw32/6.3.0/../../../libkernel32.a(dujcs01173.o)
 .idata$7       0x004096bc        0x4 c:/mingw/bin/../lib/gcc/mingw32/6.3.0/../../../libkernel32.a(dujcs01213.o)
 .idata$7       0x004096c0        0x4 c:/mingw/bin/../lib/gcc/mingw32/6.3.0/../../../libkernel32.a(dujcs01215.o)
 .idata$7       0x004096c4       0x10 c:/mingw/bin/../lib/gcc/mingw32/6.3.0/../../../libkernel32.a(dujct.o)
                0x004096c4                _libkernel32_a_iname
 .idata$7       0x004096d4        0x4 c:/mingw/bin/../lib/gcc/mingw32/6.3.0/../../../libmoldname.a(dagwbs00080.o)
 .idata$7       0x004096d8        0x4 c:/mingw/bin/../lib/gcc/mingw32/6.3.0/../../../libmoldname.a(dagwbs00082.o)
 .idata$7       0x004096dc        0xc c:/mingw/bin/../lib/gcc/mingw32/6.3.0/../../../libmoldname.a(dagwbt.o)
                0x004096dc                _libmoldname_a_iname
 .idata$7       0x004096e8        0x4 c:/mingw/bin/../lib/gcc/mingw32/6.3.0/../../../libmsvcrt.a(djpvbs00088.o)
 .idata$7       0x004096ec        0x4 c:/mingw/bin/../lib/gcc/mingw32/6.3.0/../../../libmsvcrt.a(djpvbs00119.o)
 .idata$7       0x004096f0        0x4 c:/mingw/bin/../lib/gcc/mingw32/6.3.0/../../../libmsvcrt.a(djpvbs00131.o)
 .idata$7       0x004096f4        0x4 c:/mingw/bin/../lib/gcc/mingw32/6.3.0/../../../libmsvcrt.a(djpvbs00133.o)
 .idata$7       0x004096f8        0x4 c:/mingw/bin/../lib/gcc/mingw32/6.3.0/../../../libmsvcrt.a(djpvbs00153.o)
 .idata$7       0x004096fc        0x4 c:/mingw/bin/../lib/gcc/mingw32/6.3.0/../../../libmsvcrt.a(djpvbs00219.o)
 .idata$7       0x00409700        0x4 c:/mingw/bin/../lib/gcc/mingw32/6.3.0/../../../libmsvcrt.a(djpvbs00285.o)
 .idata$7       0x00409704        0x4 c:/mingw/bin/../lib/gcc/mingw32/6.3.0/../../../libmsvcrt.a(djpvbs00324.o)
 .idata$7       0x00409708        0x4 c:/mingw/bin/../lib/gcc/mingw32/6.3.0/../../../libmsvcrt.a(djpvbs00350.o)
 .idata$7       0x0040970c        0x4 c:/mingw/bin/../lib/gcc/mingw32/6.3.0/../../../libmsvcrt.a(djpvbs00417.o)
 .idata$7       0x00409710        0x4 c:/mingw/bin/../lib/gcc/mingw32/6.3.0/../../../libmsvcrt.a(djpvbs00422.o)
 .idata$7       0x00409714        0x4 c:/mingw/bin/../lib/gcc/mingw32/6.3.0/../../../libmsvcrt.a(djpvbs00689.o)
 .idata$7       0x00409718        0x4 c:/mingw/bin/../lib/gcc/mingw32/6.3.0/../../../libmsvcrt.a(djpvbs00698.o)
 .idata$7       0x0040971c        0x4 c:/mingw/bin/../lib/gcc/mingw32/6.3.0/../../../libmsvcrt.a(djpvbs00753.o)
 .idata$7       0x00409720        0x4 c:/mingw/bin/../lib/gcc/mingw32/6.3.0/../../../libmsvcrt.a(djpvbs01083.o)
 .idata$7       0x00409724        0x4 c:/mingw/bin/../lib/gcc/mingw32/6.3.0/../../../libmsvcrt.a(djpvbs01091.o)
 .idata$7       0x00409728        0x4 c:/mingw/bin/../lib/gcc/mingw32/6.3.0/../../../libmsvcrt.a(djpvbs01098.o)
 .idata$7       0x0040972c        0x4 c:/mingw/bin/../lib/gcc/mingw32/6.3.0/../../../libmsvcrt.a(djpvbs01131.o)
 .idata$7       0x00409730        0x4 c:/mingw/bin/../lib/gcc/mingw32/6.3.0/../../../libmsvcrt.a(djpvbs01142.o)
 .idata$7       0x00409734        0x4 c:/mingw/bin/../lib/gcc/mingw32/6.3.0/../../../libmsvcrt.a(djpvbs01187.o)
 .idata$7       0x00409738        0x4 c:/mingw/bin/../lib/gcc/mingw32/6.3.0/../../../libmsvcrt.a(djpvbs01194.o)
 .idata$7       0x0040973c        0x4 c:/mingw/bin/../lib/gcc/mingw32/6.3.0/../../../libmsvcrt.a(djpvbs01199.o)
 .idata$7       0x00409740        0x4 c:/mingw/bin/../lib/gcc/mingw32/6.3.0/../../../libmsvcrt.a(djpvbs01218.o)
 .idata$7       0x00409744        0x4 c:/mingw/bin/../lib/gcc/mingw32/6.3.0/../../../libmsvcrt.a(djpvbs01220.o)
 .idata$7       0x00409748        0x4 c:/mingw/bin/../lib/gcc/mingw32/6.3.0/../../../libmsvcrt.a(djpvbs01227.o)
 .idata$7       0x0040974c        0x4 c:/mingw/bin/../lib/gcc/mingw32/6.3.0/../../../libmsvcrt.a(djpvbs01229.o)
 .idata$7       0x00409750        0x4 c:/mingw/bin/../lib/gcc/mingw32/6.3.0/../../../libmsvcrt.a(djpvbs01235.o)
 .idata$7       0x00409754        0x4 c:/mingw/bin/../lib/gcc/mingw32/6.3.0/../../../libmsvcrt.a(djpvbs01242.o)
 .idata$7       0x00409758        0x4 c:/mingw/bin/../lib/gcc/mingw32/6.3.0/../../../libmsvcrt.a(djpvbs01249.o)
 .idata$7       0x0040975c        0x4 c:/mingw/bin/../lib/gcc/mingw32/6.3.0/../../../libmsvcrt.a(djpvbs01272.o)
 .idata$7       0x00409760        0x4 c:/mingw/bin/../lib/gcc/mingw32/6.3.0/../../../libmsvcrt.a(djpvbs01277.o)
 .idata$7       0x00409764        0x4 c:/mingw/bin/../lib/gcc/mingw32/6.3.0/../../../libmsvcrt.a(djpvbs01284.o)
 .idata$7       0x00409768        0x4 c:/mingw/bin/../lib/gcc/mingw32/6.3.0/../../../libmsvcrt.a(djpvbs01325.o)
 .idata$7       0x0040976c        0xc c:/mingw/bin/../lib/gcc/mingw32/6.3.0/../../../libmsvcrt.a(djpvbt.o)
                0x0040976c                _libmsvcrt_a_iname
 .idata$7       0x00409778        0x4 c:/mingw/bin/../lib/gcc/mingw32/6.3.0/libgcc_s.a(d000037.o)
 .idata$7       0x0040977c        0x4 c:/mingw/bin/../lib/gcc/mingw32/6.3.0/libgcc_s.a(d000106.o)
 .idata$7       0x00409780       0x14 c:/mingw/bin/../lib/gcc/mingw32/6.3.0/libgcc_s.a(d000122.o)
                0x00409780                libgcc_s_dw2_1_dll_iname
 .idata$7       0x00409794        0x4 c:/mingw/bin/../lib/gcc/mingw32/6.3.0/libstdc++.dll.a(d001495.o)
 .idata$7       0x00409798        0x4 c:/mingw/bin/../lib/gcc/mingw32/6.3.0/libstdc++.dll.a(d001501.o)
 .idata$7       0x0040979c        0x4 c:/mingw/bin/../lib/gcc/mingw32/6.3.0/libstdc++.dll.a(d003953.o)
 .idata$7       0x004097a0        0x4 c:/mingw/bin/../lib/gcc/mingw32/6.3.0/libstdc++.dll.a(d003955.o)
 .idata$7       0x004097a4        0x4 c:/mingw/bin/../lib/gcc/mingw32/6.3.0/libstdc++.dll.a(d004226.o)
 .idata$7       0x004097a8        0x4 c:/mingw/bin/../lib/gcc/mingw32/6.3.0/libstdc++.dll.a(d004227.o)
 .idata$7       0x004097ac        0x4 c:/mingw/bin/../lib/gcc/mingw32/6.3.0/libstdc++.dll.a(d004332.o)
 .idata$7       0x004097b0       0x10 c:/mingw/bin/../lib/gcc/mingw32/6.3.0/libstdc++.dll.a(d005190.o)
                0x004097b0                libstdc___6_dll_iname

.CRT            0x0040a000      0x200
                0x0040a000                ___crt_xc_start__ = .
 *(SORT(.CRT$XC*))
                0x0040a000                ___crt_xc_end__ = .
                0x0040a000                ___crt_xi_start__ = .
 *(SORT(.CRT$XI*))
                0x0040a000                ___crt_xi_end__ = .
                0x0040a000                ___crt_xl_start__ = .
 *(SORT(.CRT$XL*))
 .CRT$XLA       0x0040a000        0x4 c:/mingw/bin/../lib/gcc/mingw32/6.3.0/../../../libmingw32.a(tlssup.o)
                0x0040a000                __xl_a
 .CRT$XLC       0x0040a004        0x4 c:/mingw/bin/../lib/gcc/mingw32/6.3.0/../../../libmingw32.a(tlssup.o)
                0x0040a004                __xl_c
 .CRT$XLD       0x0040a008        0x4 c:/mingw/bin/../lib/gcc/mingw32/6.3.0/../../../libmingw32.a(tlssup.o)
                0x0040a008                __xl_d
 .CRT$XLZ       0x0040a00c        0x4 c:/mingw/bin/../lib/gcc/mingw32/6.3.0/../../../libmingw32.a(tlssup.o)
                0x0040a00c                __xl_z
                0x0040a010                ___crt_xp_start__ = .
 *(SORT(.CRT$XP*))
                0x0040a010                ___crt_xp_end__ = .
                0x0040a010                ___crt_xt_start__ = .
 *(SORT(.CRT$XT*))
                0x0040a010                ___crt_xt_end__ = .
 .CRT$XDA       0x0040a010        0x4 c:/mingw/bin/../lib/gcc/mingw32/6.3.0/../../../libmingw32.a(tlssup.o)
 .CRT$XDZ       0x0040a014        0x4 c:/mingw/bin/../lib/gcc/mingw32/6.3.0/../../../libmingw32.a(tlssup.o)

.tls            0x0040b000      0x200
                0x0040b000                ___tls_start__ = .
 *(.tls$AAA)
 .tls$AAA       0x0040b000        0x4 c:/mingw/bin/../lib/gcc/mingw32/6.3.0/../../../libmingw32.a(tlssup.o)
                0x0040b000                _tls_start
 *(.tls)
 .tls           0x0040b004       0x18 c:/mingw/bin/../lib/gcc/mingw32/6.3.0/../../../libmingw32.a(tlssup.o)
                0x0040b004                _tls_used
 *(.tls$)
 *(SORT(.tls$*))
 .tls$ZZZ       0x0040b01c        0x4 c:/mingw/bin/../lib/gcc/mingw32/6.3.0/../../../libmingw32.a(tlssup.o)
                0x0040b01c                _tls_end
 *(.tls$ZZZ)
                0x0040b020                ___tls_end__ = .

.endjunk        0x0040c000        0x0
                [!provide]                PROVIDE (end, .)
                [!provide]                PROVIDE (_end, .)
                0x0040c000                __end__ = .

.rsrc
 *(.rsrc)
 *(.rsrc$*)

.reloc
 *(.reloc)

.stab
 *(.stab)

.stabstr
 *(.stabstr)

.debug_aranges  0x0040c000      0x200
 *(.debug_aranges)
 .debug_aranges
                0x0040c000       0x20 c:/mingw/bin/../lib/gcc/mingw32/6.3.0/libgcc.a(_chkstk_ms.o)
 .debug_aranges
                0x0040c020       0x18 c:/mingw/bin/../lib/gcc/mingw32/6.3.0/libgcc.a(_ctors.o)

.zdebug_aranges
 *(.zdebug_aranges)

.debug_pubnames
 *(.debug_pubnames)

.zdebug_pubnames
 *(.zdebug_pubnames)

.debug_pubtypes
 *(.debug_pubtypes)

.zdebug_pubtypes
 *(.zdebug_pubtypes)

.debug_info     0x0040d000     0x1e00
 *(.debug_info .gnu.linkonce.wi.*)
 .debug_info    0x0040d000       0xa7 c:/mingw/bin/../lib/gcc/mingw32/6.3.0/libgcc.a(_chkstk_ms.o)
 .debug_info    0x0040d0a7     0x1c58 c:/mingw/bin/../lib/gcc/mingw32/6.3.0/libgcc.a(_ctors.o)

.zdebug_info
 *(.zdebug_info .zdebug.gnu.linkonce.wi.*)

.debug_abbrev   0x0040f000      0x200
 *(.debug_abbrev)
 .debug_abbrev  0x0040f000       0x14 c:/mingw/bin/../lib/gcc/mingw32/6.3.0/libgcc.a(_chkstk_ms.o)
 .debug_abbrev  0x0040f014      0x11b c:/mingw/bin/../lib/gcc/mingw32/6.3.0/libgcc.a(_ctors.o)

.zdebug_abbrev
 *(.zdebug_abbrev)

.debug_line     0x00410000      0x200
 *(.debug_line)
 .debug_line    0x00410000       0x71 c:/mingw/bin/../lib/gcc/mingw32/6.3.0/libgcc.a(_chkstk_ms.o)
 .debug_line    0x00410071      0x157 c:/mingw/bin/../lib/gcc/mingw32/6.3.0/libgcc.a(_ctors.o)

.zdebug_line
 *(.zdebug_line)

.debug_frame    0x00411000      0x200
 *(.debug_frame*)
 .debug_frame   0x00411000       0x38 c:/mingw/bin/../lib/gcc/mingw32/6.3.0/libgcc.a(_chkstk_ms.o)

.zdebug_frame
 *(.zdebug_frame*)

.debug_str      0x00412000        0x0
 *(.debug_str)
 .debug_str     0x00412000        0x0 c:/mingw/bin/../lib/gcc/mingw32/6.3.0/libgcc.a(_ctors.o)

.zdebug_str
 *(.zdebug_str)

.debug_loc
 *(.debug_loc)

.zdebug_loc
 *(.zdebug_loc)

.debug_macinfo
 *(.debug_macinfo)

.zdebug_macinfo
 *(.zdebug_macinfo)

.debug_weaknames
 *(.debug_weaknames)

.zdebug_weaknames
 *(.zdebug_weaknames)

.debug_funcnames
 *(.debug_funcnames)

.zdebug_funcnames
 *(.zdebug_funcnames)

.debug_typenames
 *(.debug_typenames)

.zdebug_typenames
 *(.zdebug_typenames)

.debug_varnames
 *(.debug_varnames)

.zdebug_varnames
 *(.zdebug_varnames)

.debug_macro
 *(.debug_macro)

.zdebug_macro
 *(.zdebug_macro)

.debug_ranges
 *(.debug_ranges)

.zdebug_ranges
 *(.zdebug_ranges)

.debug_types
 *(.debug_types .gnu.linkonce.wt.*)

.zdebug_types
 *(.zdebug_types .gnu.linkonce.wt.*)
OUTPUT(a.exe pei-i386)
LOAD rtr000000.o
LOAD ertr000001.o
LOAD rtr000002.o
LOAD rtr000003.o
LOAD rtr000004.o
LOAD rtr000005.o
LOAD rtr000006.o
LOAD rtr000007.o
LOAD rtr000008.o
LOAD rtr000009.o
LOAD rtr000010.o
LOAD rtr000011.o
LOAD rtr000012.o
LOAD rtr000013.o
LOAD rtr000014.o
LOAD rtr000015.o
LOAD rtr000016.o
LOAD rtr000017.o
LOAD rtr000018.o
LOAD rtr000019.o
LOAD rtr000020.o
